../Core/Src/main.c:104:5:main	8	static
../Core/Src/main.c:157:6:SystemClock_Config	88	static
../Core/Src/main.c:215:13:MX_ADC1_Init	24	static
../Core/Src/main.c:267:13:MX_ADC3_Init	24	static
../Core/Src/main.c:364:13:MX_CAN3_Init	8	static
../Core/Src/main.c:401:13:MX_ETH_Init	8	static
../Core/Src/main.c:450:13:MX_USART3_UART_Init	8	static
../Core/Src/main.c:485:13:MX_USB_OTG_FS_PCD_Init	8	static
../Core/Src/main.c:518:13:MX_DMA_Init	16	static
../Core/Src/main.c:536:13:MX_GPIO_Init	56	static
../Core/Src/main.c:605:6:Error_Handler	4	static,ignoring_inline_asm
