Archive member included to satisfy reference by file (symbol)

/opt/st/stm32cubeide_1.13.2/plugins/com.st.stm32cube.ide.mcu.externaltools.gnu-tools-for-stm32.11.3.rel1.linux64_1.1.1.202309131626/tools/bin/../lib/gcc/arm-none-eabi/11.3.1/../../../../arm-none-eabi/lib/thumb/v7e-m+dp/hard/libc_nano.a(libc_a-exit.o)
                              /opt/st/stm32cubeide_1.13.2/plugins/com.st.stm32cube.ide.mcu.externaltools.gnu-tools-for-stm32.11.3.rel1.linux64_1.1.1.202309131626/tools/bin/../lib/gcc/arm-none-eabi/11.3.1/../../../../arm-none-eabi/lib/thumb/v7e-m+dp/hard/crt0.o (exit)
/opt/st/stm32cubeide_1.13.2/plugins/com.st.stm32cube.ide.mcu.externaltools.gnu-tools-for-stm32.11.3.rel1.linux64_1.1.1.202309131626/tools/bin/../lib/gcc/arm-none-eabi/11.3.1/../../../../arm-none-eabi/lib/thumb/v7e-m+dp/hard/libc_nano.a(libc_a-findfp.o)
                              /opt/st/stm32cubeide_1.13.2/plugins/com.st.stm32cube.ide.mcu.externaltools.gnu-tools-for-stm32.11.3.rel1.linux64_1.1.1.202309131626/tools/bin/../lib/gcc/arm-none-eabi/11.3.1/../../../../arm-none-eabi/lib/thumb/v7e-m+dp/hard/libc_nano.a(libc_a-exit.o) (__stdio_exit_handler)
/opt/st/stm32cubeide_1.13.2/plugins/com.st.stm32cube.ide.mcu.externaltools.gnu-tools-for-stm32.11.3.rel1.linux64_1.1.1.202309131626/tools/bin/../lib/gcc/arm-none-eabi/11.3.1/../../../../arm-none-eabi/lib/thumb/v7e-m+dp/hard/libc_nano.a(libc_a-fwalk.o)
                              /opt/st/stm32cubeide_1.13.2/plugins/com.st.stm32cube.ide.mcu.externaltools.gnu-tools-for-stm32.11.3.rel1.linux64_1.1.1.202309131626/tools/bin/../lib/gcc/arm-none-eabi/11.3.1/../../../../arm-none-eabi/lib/thumb/v7e-m+dp/hard/libc_nano.a(libc_a-findfp.o) (_fwalk_sglue)
/opt/st/stm32cubeide_1.13.2/plugins/com.st.stm32cube.ide.mcu.externaltools.gnu-tools-for-stm32.11.3.rel1.linux64_1.1.1.202309131626/tools/bin/../lib/gcc/arm-none-eabi/11.3.1/../../../../arm-none-eabi/lib/thumb/v7e-m+dp/hard/libc_nano.a(libc_a-stdio.o)
                              /opt/st/stm32cubeide_1.13.2/plugins/com.st.stm32cube.ide.mcu.externaltools.gnu-tools-for-stm32.11.3.rel1.linux64_1.1.1.202309131626/tools/bin/../lib/gcc/arm-none-eabi/11.3.1/../../../../arm-none-eabi/lib/thumb/v7e-m+dp/hard/libc_nano.a(libc_a-findfp.o) (__sread)
/opt/st/stm32cubeide_1.13.2/plugins/com.st.stm32cube.ide.mcu.externaltools.gnu-tools-for-stm32.11.3.rel1.linux64_1.1.1.202309131626/tools/bin/../lib/gcc/arm-none-eabi/11.3.1/../../../../arm-none-eabi/lib/thumb/v7e-m+dp/hard/libc_nano.a(libc_a-memset.o)
                              /opt/st/stm32cubeide_1.13.2/plugins/com.st.stm32cube.ide.mcu.externaltools.gnu-tools-for-stm32.11.3.rel1.linux64_1.1.1.202309131626/tools/bin/../lib/gcc/arm-none-eabi/11.3.1/../../../../arm-none-eabi/lib/thumb/v7e-m+dp/hard/crt0.o (memset)
/opt/st/stm32cubeide_1.13.2/plugins/com.st.stm32cube.ide.mcu.externaltools.gnu-tools-for-stm32.11.3.rel1.linux64_1.1.1.202309131626/tools/bin/../lib/gcc/arm-none-eabi/11.3.1/../../../../arm-none-eabi/lib/thumb/v7e-m+dp/hard/libc_nano.a(libc_a-closer.o)
                              /opt/st/stm32cubeide_1.13.2/plugins/com.st.stm32cube.ide.mcu.externaltools.gnu-tools-for-stm32.11.3.rel1.linux64_1.1.1.202309131626/tools/bin/../lib/gcc/arm-none-eabi/11.3.1/../../../../arm-none-eabi/lib/thumb/v7e-m+dp/hard/libc_nano.a(libc_a-stdio.o) (_close_r)
/opt/st/stm32cubeide_1.13.2/plugins/com.st.stm32cube.ide.mcu.externaltools.gnu-tools-for-stm32.11.3.rel1.linux64_1.1.1.202309131626/tools/bin/../lib/gcc/arm-none-eabi/11.3.1/../../../../arm-none-eabi/lib/thumb/v7e-m+dp/hard/libc_nano.a(libc_a-reent.o)
                              /opt/st/stm32cubeide_1.13.2/plugins/com.st.stm32cube.ide.mcu.externaltools.gnu-tools-for-stm32.11.3.rel1.linux64_1.1.1.202309131626/tools/bin/../lib/gcc/arm-none-eabi/11.3.1/../../../../arm-none-eabi/lib/thumb/v7e-m+dp/hard/libc_nano.a(libc_a-closer.o) (errno)
/opt/st/stm32cubeide_1.13.2/plugins/com.st.stm32cube.ide.mcu.externaltools.gnu-tools-for-stm32.11.3.rel1.linux64_1.1.1.202309131626/tools/bin/../lib/gcc/arm-none-eabi/11.3.1/../../../../arm-none-eabi/lib/thumb/v7e-m+dp/hard/libc_nano.a(libc_a-impure.o)
                              /opt/st/stm32cubeide_1.13.2/plugins/com.st.stm32cube.ide.mcu.externaltools.gnu-tools-for-stm32.11.3.rel1.linux64_1.1.1.202309131626/tools/bin/../lib/gcc/arm-none-eabi/11.3.1/../../../../arm-none-eabi/lib/thumb/v7e-m+dp/hard/libc_nano.a(libc_a-reent.o) (_impure_ptr)
/opt/st/stm32cubeide_1.13.2/plugins/com.st.stm32cube.ide.mcu.externaltools.gnu-tools-for-stm32.11.3.rel1.linux64_1.1.1.202309131626/tools/bin/../lib/gcc/arm-none-eabi/11.3.1/../../../../arm-none-eabi/lib/thumb/v7e-m+dp/hard/libc_nano.a(libc_a-lseekr.o)
                              /opt/st/stm32cubeide_1.13.2/plugins/com.st.stm32cube.ide.mcu.externaltools.gnu-tools-for-stm32.11.3.rel1.linux64_1.1.1.202309131626/tools/bin/../lib/gcc/arm-none-eabi/11.3.1/../../../../arm-none-eabi/lib/thumb/v7e-m+dp/hard/libc_nano.a(libc_a-stdio.o) (_lseek_r)
[...]
Memory Configuration

Name             Origin             Length             Attributes
RAM              0x0000000020000000 0x0000000000080000 xrw
FLASH            0x0000000008000000 0x0000000000200000 xr
*default*        0x0000000000000000 0xffffffffffffffff

Linker script and memory map

LOAD /opt/st/stm32cubeide_1.13.2/plugins/com.st.stm32cube.ide.mcu.externaltools.gnu-tools-for-stm32.11.3.rel1.linux64_1.1.1.202309131626/tools/bin/../lib/gcc/arm-none-eabi/11.3.1/thumb/v7e-m+dp/hard/crti.o
LOAD /opt/st/stm32cubeide_1.13.2/plugins/com.st.stm32cube.ide.mcu.externaltools.gnu-tools-for-stm32.11.3.rel1.linux64_1.1.1.202309131626/tools/bin/../lib/gcc/arm-none-eabi/11.3.1/thumb/v7e-m+dp/hard/crtbegin.o
LOAD /opt/st/stm32cubeide_1.13.2/plugins/com.st.stm32cube.ide.mcu.externaltools.gnu-tools-for-stm32.11.3.rel1.linux64_1.1.1.202309131626/tools/bin/../lib/gcc/arm-none-eabi/11.3.1/../../../../arm-none-eabi/lib/thumb/v7e-m+dp/hard/crt0.o
LOAD ./Core/Src/main.o
LOAD ./Core/Src/stm32f7xx_hal_msp.o
LOAD ./Core/Src/stm32f7xx_it.o
LOAD ./Core/Src/syscalls.o
LOAD ./Core/Src/sysmem.o
LOAD ./Core/Src/system_stm32f7xx.o
LOAD ./Core/Src/temp_sensing.o
LOAD ./Core/Startup/startup_stm32f767zitx.o
LOAD ./Drivers/STM32F7xx_HAL_Driver/Src/stm32f7xx_hal.o
LOAD ./Drivers/STM32F7xx_HAL_Driver/Src/stm32f7xx_hal_adc.o
LOAD ./Drivers/STM32F7xx_HAL_Driver/Src/stm32f7xx_hal_adc_ex.o
LOAD ./Drivers/STM32F7xx_HAL_Driver/Src/stm32f7xx_hal_can.o
LOAD ./Drivers/STM32F7xx_HAL_Driver/Src/stm32f7xx_hal_cortex.o
LOAD ./Drivers/STM32F7xx_HAL_Driver/Src/stm32f7xx_hal_dma.o
LOAD ./Drivers/STM32F7xx_HAL_Driver/Src/stm32f7xx_hal_dma_ex.o
LOAD ./Drivers/STM32F7xx_HAL_Driver/Src/stm32f7xx_hal_eth.o
LOAD ./Drivers/STM32F7xx_HAL_Driver/Src/stm32f7xx_hal_exti.o
LOAD ./Drivers/STM32F7xx_HAL_Driver/Src/stm32f7xx_hal_flash.o
LOAD ./Drivers/STM32F7xx_HAL_Driver/Src/stm32f7xx_hal_flash_ex.o
LOAD ./Drivers/STM32F7xx_HAL_Driver/Src/stm32f7xx_hal_gpio.o
LOAD ./Drivers/STM32F7xx_HAL_Driver/Src/stm32f7xx_hal_i2c.o
LOAD ./Drivers/STM32F7xx_HAL_Driver/Src/stm32f7xx_hal_i2c_ex.o
LOAD ./Drivers/STM32F7xx_HAL_Driver/Src/stm32f7xx_hal_pcd.o
LOAD ./Drivers/STM32F7xx_HAL_Driver/Src/stm32f7xx_hal_pcd_ex.o
LOAD ./Drivers/STM32F7xx_HAL_Driver/Src/stm32f7xx_hal_pwr.o
LOAD ./Drivers/STM32F7xx_HAL_Driver/Src/stm32f7xx_hal_pwr_ex.o
LOAD ./Drivers/STM32F7xx_HAL_Driver/Src/stm32f7xx_hal_rcc.o
LOAD ./Drivers/STM32F7xx_HAL_Driver/Src/stm32f7xx_hal_rcc_ex.o
LOAD ./Drivers/STM32F7xx_HAL_Driver/Src/stm32f7xx_hal_tim.o
LOAD ./Drivers/STM32F7xx_HAL_Driver/Src/stm32f7xx_hal_tim_ex.o
LOAD ./Drivers/STM32F7xx_HAL_Driver/Src/stm32f7xx_hal_uart.o
LOAD ./Drivers/STM32F7xx_HAL_Driver/Src/stm32f7xx_hal_uart_ex.o
LOAD ./Drivers/STM32F7xx_HAL_Driver/Src/stm32f7xx_ll_usb.o
START GROUP
LOAD /opt/st/stm32cubeide_1.13.2/plugins/com.st.stm32cube.ide.mcu.externaltools.gnu-tools-for-stm32.11.3.rel1.linux64_1.1.1.202309131626/tools/bin/../lib/gcc/arm-none-eabi/11.3.1/../../../../arm-none-eabi/lib/thumb/v7e-m+dp/hard/libc_nano.a
LOAD /opt/st/stm32cubeide_1.13.2/plugins/com.st.stm32cube.ide.mcu.externaltools.gnu-tools-for-stm32.11.3.rel1.linux64_1.1.1.202309131626/tools/bin/../lib/gcc/arm-none-eabi/11.3.1/../../../../arm-none-eabi/lib/thumb/v7e-m+dp/hard/libm.a
END GROUP
START GROUP
LOAD /opt/st/stm32cubeide_1.13.2/plugins/com.st.stm32cube.ide.mcu.externaltools.gnu-tools-for-stm32.11.3.rel1.linux64_1.1.1.202309131626/tools/bin/../lib/gcc/arm-none-eabi/11.3.1/thumb/v7e-m+dp/hard/libgcc.a
LOAD /opt/st/stm32cubeide_1.13.2/plugins/com.st.stm32cube.ide.mcu.externaltools.gnu-tools-for-stm32.11.3.rel1.linux64_1.1.1.202309131626/tools/bin/../lib/gcc/arm-none-eabi/11.3.1/../../../../arm-none-eabi/lib/thumb/v7e-m+dp/hard/libc_nano.a
END GROUP
START GROUP
LOAD /opt/st/stm32cubeide_1.13.2/plugins/com.st.stm32cube.ide.mcu.externaltools.gnu-tools-for-stm32.11.3.rel1.linux64_1.1.1.202309131626/tools/bin/../lib/gcc/arm-none-eabi/11.3.1/thumb/v7e-m+dp/hard/libgcc.a
LOAD /opt/st/stm32cubeide_1.13.2/plugins/com.st.stm32cube.ide.mcu.externaltools.gnu-tools-for-stm32.11.3.rel1.linux64_1.1.1.202309131626/tools/bin/../lib/gcc/arm-none-eabi/11.3.1/../../../../arm-none-eabi/lib/thumb/v7e-m+dp/hard/libc_nano.a
LOAD /opt/st/stm32cubeide_1.13.2/plugins/com.st.stm32cube.ide.mcu.externaltools.gnu-tools-for-stm32.11.3.rel1.linux64_1.1.1.202309131626/tools/bin/../lib/gcc/arm-none-eabi/11.3.1/../../../../arm-none-eabi/lib/thumb/v7e-m+dp/hard/libnosys.a
END GROUP
START GROUP
LOAD /opt/st/stm32cubeide_1.13.2/plugins/com.st.stm32cube.ide.mcu.externaltools.gnu-tools-for-stm32.11.3.rel1.linux64_1.1.1.202309131626/tools/bin/../lib/gcc/arm-none-eabi/11.3.1/thumb/v7e-m+dp/hard/libgcc.a
LOAD /opt/st/stm32cubeide_1.13.2/plugins/com.st.stm32cube.ide.mcu.externaltools.gnu-tools-for-stm32.11.3.rel1.linux64_1.1.1.202309131626/tools/bin/../lib/gcc/arm-none-eabi/11.3.1/../../../../arm-none-eabi/lib/thumb/v7e-m+dp/hard/libc_nano.a
LOAD /opt/st/stm32cubeide_1.13.2/plugins/com.st.stm32cube.ide.mcu.externaltools.gnu-tools-for-stm32.11.3.rel1.linux64_1.1.1.202309131626/tools/bin/../lib/gcc/arm-none-eabi/11.3.1/../../../../arm-none-eabi/lib/thumb/v7e-m+dp/hard/libnosys.a
END GROUP
LOAD /opt/st/stm32cubeide_1.13.2/plugins/com.st.stm32cube.ide.mcu.externaltools.gnu-tools-for-stm32.11.3.rel1.linux64_1.1.1.202309131626/tools/bin/../lib/gcc/arm-none-eabi/11.3.1/thumb/v7e-m+dp/hard/crtend.o
LOAD /opt/st/stm32cubeide_1.13.2/plugins/com.st.stm32cube.ide.mcu.externaltools.gnu-tools-for-stm32.11.3.rel1.linux64_1.1.1.202309131626/tools/bin/../lib/gcc/arm-none-eabi/11.3.1/thumb/v7e-m+dp/hard/crtn.o
                0x0000000020080000                _estack = (ORIGIN (RAM) + LENGTH (RAM))
                0x0000000000000200                _Min_Heap_Size = 0x200
                0x0000000000000400                _Min_Stack_Size = 0x400

.isr_vector     0x0000000008000000      0x1f8
                0x0000000008000000                . = ALIGN (0x4)
 *(.isr_vector)
 .isr_vector    0x0000000008000000      0x1f8 ./Core/Startup/startup_stm32f767zitx.o
                0x0000000008000000                g_pfnVectors
                0x00000000080001f8                . = ALIGN (0x4)

.text           0x00000000080001f8     0x5418
                0x00000000080001f8                . = ALIGN (0x4)
 *(.text)
 .text          0x00000000080001f8       0x40 /opt/st/stm32cubeide_1.13.2/plugins/com.st.stm32cube.ide.mcu.externaltools.gnu-tools-for-stm32.11.3.rel1.linux64_1.1.1.202309131626/tools/bin/../lib/gcc/arm-none-eabi/11.3.1/thumb/v7e-m+dp/hard/crtbegin.o
 .text          0x0000000008000238       0x30 /opt/st/stm32cubeide_1.13.2/plugins/com.st.stm32cube.ide.mcu.externaltools.gnu-tools-for-stm32.11.3.rel1.linux64_1.1.1.202309131626/tools/bin/../lib/gcc/arm-none-eabi/11.3.1/thumb/v7e-m+dp/hard/libgcc.a(_aeabi_uldivmod.o)
                0x0000000008000238                __aeabi_uldivmod
 .text          0x0000000008000268      0x2c8 /opt/st/stm32cubeide_1.13.2/plugins/com.st.stm32cube.ide.mcu.externaltools.gnu-tools-for-stm32.11.3.rel1.linux64_1.1.1.202309131626/tools/bin/../lib/gcc/arm-none-eabi/11.3.1/thumb/v7e-m+dp/hard/libgcc.a(_udivmoddi4.o)
                0x0000000008000268                __udivmoddi4
 .text          0x0000000008000530        0x4 /opt/st/stm32cubeide_1.13.2/plugins/com.st.stm32cube.ide.mcu.externaltools.gnu-tools-for-stm32.11.3.rel1.linux64_1.1.1.202309131626/tools/bin/../lib/gcc/arm-none-eabi/11.3.1/thumb/v7e-m+dp/hard/libgcc.a(_dvmd_tls.o)
                0x0000000008000530                __aeabi_ldiv0
                0x0000000008000530                __aeabi_idiv0
 *(.text*)
 .text.main     0x0000000008000534       0x54 ./Core/Src/main.o
                0x0000000008000534                main
 .text.SystemClock_Config
                0x0000000008000588       0xe4 ./Core/Src/main.o
                0x0000000008000588                SystemClock_Config
 .text.MX_ADC1_Init
                0x000000000800066c       0xa4 ./Core/Src/main.o
 .text.MX_ADC3_Init
                0x0000000008000710      0x130 ./Core/Src/main.o
 .text.MX_CAN3_Init
                0x0000000008000840       0x68 ./Core/Src/main.o
 .text.MX_ETH_Init
                0x00000000080008a8       0x9c ./Core/Src/main.o
 .text.MX_USART3_UART_Init
                0x0000000008000944       0x60 ./Core/Src/main.o
 .text.MX_USB_OTG_FS_PCD_Init
                0x00000000080009a4       0x5c ./Core/Src/main.o
 .text.MX_DMA_Init
                0x0000000008000a00       0x3c ./Core/Src/main.o
 .text.MX_GPIO_Init
                0x0000000008000a3c      0x184 ./Core/Src/main.o
 .text.Error_Handler
                0x0000000008000bc0        0xa ./Core/Src/main.o
                0x0000000008000bc0                Error_Handler
 *fill*         0x0000000008000bca        0x2 
 .text.HAL_MspInit
                0x0000000008000bcc       0x48 ./Core/Src/stm32f7xx_hal_msp.o
                0x0000000008000bcc                HAL_MspInit
 .text.HAL_ADC_MspInit
                0x0000000008000c14      0x17c ./Core/Src/stm32f7xx_hal_msp.o
                0x0000000008000c14                HAL_ADC_MspInit
 .text.HAL_CAN_MspInit
                0x0000000008000d90       0x88 ./Core/Src/stm32f7xx_hal_msp.o
                0x0000000008000d90                HAL_CAN_MspInit
 .text.HAL_ETH_MspInit
                0x0000000008000e18      0x170 ./Core/Src/stm32f7xx_hal_msp.o
                0x0000000008000e18                HAL_ETH_MspInit
 .text.HAL_UART_MspInit
                0x0000000008000f88       0xc0 ./Core/Src/stm32f7xx_hal_msp.o
                0x0000000008000f88                HAL_UART_MspInit
 .text.HAL_PCD_MspInit
                0x0000000008001048       0xf4 ./Core/Src/stm32f7xx_hal_msp.o
                0x0000000008001048                HAL_PCD_MspInit
 .text.NMI_Handler
                0x000000000800113c        0x6 ./Core/Src/stm32f7xx_it.o
                0x000000000800113c                NMI_Handler
 .text.HardFault_Handler
                0x0000000008001142        0x6 ./Core/Src/stm32f7xx_it.o
                0x0000000008001142                HardFault_Handler
 .text.MemManage_Handler
                0x0000000008001148        0x6 ./Core/Src/stm32f7xx_it.o
                0x0000000008001148                MemManage_Handler
 .text.BusFault_Handler
                0x000000000800114e        0x6 ./Core/Src/stm32f7xx_it.o
                0x000000000800114e                BusFault_Handler
 .text.UsageFault_Handler
                0x0000000008001154        0x6 ./Core/Src/stm32f7xx_it.o
                0x0000000008001154                UsageFault_Handler
 .text.SVC_Handler
                0x000000000800115a        0xe ./Core/Src/stm32f7xx_it.o
                0x000000000800115a                SVC_Handler
 .text.DebugMon_Handler
                0x0000000008001168        0xe ./Core/Src/stm32f7xx_it.o
                0x0000000008001168                DebugMon_Handler
 .text.PendSV_Handler
                0x0000000008001176        0xe ./Core/Src/stm32f7xx_it.o
                0x0000000008001176                PendSV_Handler
 .text.SysTick_Handler
                0x0000000008001184        0xc ./Core/Src/stm32f7xx_it.o
                0x0000000008001184                SysTick_Handler
 .text.DMA2_Stream0_IRQHandler
                0x0000000008001190       0x14 ./Core/Src/stm32f7xx_it.o
                0x0000000008001190                DMA2_Stream0_IRQHandler
 .text.SystemInit
                0x00000000080011a4       0x24 ./Core/Src/system_stm32f7xx.o
                0x00000000080011a4                SystemInit
 .text.enqueue  0x00000000080011c8       0x6c ./Core/Src/temp_sensing.o
                0x00000000080011c8                enqueue
 .text.measure_temp
                0x0000000008001234       0xd8 ./Core/Src/temp_sensing.o
                0x0000000008001234                measure_temp
 .text.Reset_Handler
                0x000000000800130c       0x50 ./Core/Startup/startup_stm32f767zitx.o
                0x000000000800130c                Reset_Handler
 .text.Default_Handler
                0x000000000800135c        0x2 ./Core/Startup/startup_stm32f767zitx.o
                0x000000000800135c                RTC_Alarm_IRQHandler
                0x000000000800135c                EXTI2_IRQHandler
                0x000000000800135c                TIM8_CC_IRQHandler
                0x000000000800135c                UART8_IRQHandler
                0x000000000800135c                SPI4_IRQHandler
                0x000000000800135c                TIM1_CC_IRQHandler
                0x000000000800135c                DMA2_Stream5_IRQHandler
                0x000000000800135c                JPEG_IRQHandler
                0x000000000800135c                DMA1_Stream5_IRQHandler
                0x000000000800135c                CAN3_RX1_IRQHandler
                0x000000000800135c                PVD_IRQHandler
                0x000000000800135c                TAMP_STAMP_IRQHandler
                0x000000000800135c                CAN2_RX1_IRQHandler
                0x000000000800135c                EXTI3_IRQHandler
                0x000000000800135c                TIM8_TRG_COM_TIM14_IRQHandler
                0x000000000800135c                DFSDM1_FLT1_IRQHandler
                0x000000000800135c                TIM1_UP_TIM10_IRQHandler
                0x000000000800135c                TIM8_UP_TIM13_IRQHandler
                0x000000000800135c                I2C3_ER_IRQHandler
                0x000000000800135c                DFSDM1_FLT2_IRQHandler
                0x000000000800135c                EXTI0_IRQHandler
                0x000000000800135c                I2C2_EV_IRQHandler
                0x000000000800135c                DMA1_Stream2_IRQHandler
                0x000000000800135c                CAN1_RX0_IRQHandler
                0x000000000800135c                FPU_IRQHandler
                0x000000000800135c                OTG_HS_WKUP_IRQHandler
                0x000000000800135c                CAN3_SCE_IRQHandler
                0x000000000800135c                LTDC_ER_IRQHandler
                0x000000000800135c                CAN2_SCE_IRQHandler
                0x000000000800135c                DMA2_Stream2_IRQHandler
                0x000000000800135c                SPI1_IRQHandler
                0x000000000800135c                TIM6_DAC_IRQHandler
                0x000000000800135c                TIM1_BRK_TIM9_IRQHandler
                0x000000000800135c                DCMI_IRQHandler
                0x000000000800135c                CAN2_RX0_IRQHandler
                0x000000000800135c                DMA2_Stream3_IRQHandler
                0x000000000800135c                SAI2_IRQHandler
                0x000000000800135c                DFSDM1_FLT3_IRQHandler
                0x000000000800135c                USART6_IRQHandler
                0x000000000800135c                CAN3_RX0_IRQHandler
                0x000000000800135c                USART3_IRQHandler
                0x000000000800135c                CAN1_RX1_IRQHandler
                0x000000000800135c                UART5_IRQHandler
                0x000000000800135c                TIM4_IRQHandler
                0x000000000800135c                QUADSPI_IRQHandler
                0x000000000800135c                I2C1_EV_IRQHandler
                0x000000000800135c                DMA1_Stream6_IRQHandler
                0x000000000800135c                DMA1_Stream1_IRQHandler
                0x000000000800135c                UART4_IRQHandler
                0x000000000800135c                TIM3_IRQHandler
                0x000000000800135c                RCC_IRQHandler
                0x000000000800135c                TIM8_BRK_TIM12_IRQHandler
                0x000000000800135c                Default_Handler
                0x000000000800135c                CEC_IRQHandler
                0x000000000800135c                EXTI15_10_IRQHandler
                0x000000000800135c                ADC_IRQHandler
                0x000000000800135c                DMA1_Stream7_IRQHandler
                0x000000000800135c                SPI5_IRQHandler
                0x000000000800135c                TIM7_IRQHandler
                0x000000000800135c                SDMMC1_IRQHandler
                0x000000000800135c                CAN2_TX_IRQHandler
                0x000000000800135c                TIM5_IRQHandler
                0x000000000800135c                DMA2_Stream7_IRQHandler
                0x000000000800135c                I2C3_EV_IRQHandler
                0x000000000800135c                EXTI9_5_IRQHandler
                0x000000000800135c                RTC_WKUP_IRQHandler
                0x000000000800135c                LTDC_IRQHandler
                0x000000000800135c                ETH_WKUP_IRQHandler
                0x000000000800135c                SPDIF_RX_IRQHandler
                0x000000000800135c                SPI2_IRQHandler
                0x000000000800135c                OTG_HS_EP1_IN_IRQHandler
                0x000000000800135c                DMA1_Stream0_IRQHandler
                0x000000000800135c                CAN1_TX_IRQHandler
                0x000000000800135c                EXTI4_IRQHandler
                0x000000000800135c                RNG_IRQHandler
                0x000000000800135c                ETH_IRQHandler
                0x000000000800135c                OTG_HS_EP1_OUT_IRQHandler
                0x000000000800135c                WWDG_IRQHandler
                0x000000000800135c                SPI6_IRQHandler
                0x000000000800135c                MDIOS_IRQHandler
                0x000000000800135c                I2C4_EV_IRQHandler
                0x000000000800135c                CAN3_TX_IRQHandler
                0x000000000800135c                TIM2_IRQHandler
                0x000000000800135c                OTG_FS_WKUP_IRQHandler
                0x000000000800135c                TIM1_TRG_COM_TIM11_IRQHandler
                0x000000000800135c                OTG_HS_IRQHandler
                0x000000000800135c                DMA2D_IRQHandler
                0x000000000800135c                EXTI1_IRQHandler
                0x000000000800135c                SDMMC2_IRQHandler
                0x000000000800135c                UART7_IRQHandler
                0x000000000800135c                USART2_IRQHandler
                0x000000000800135c                DFSDM1_FLT0_IRQHandler
                0x000000000800135c                I2C2_ER_IRQHandler
                0x000000000800135c                DMA2_Stream1_IRQHandler
                0x000000000800135c                CAN1_SCE_IRQHandler
                0x000000000800135c                FLASH_IRQHandler
                0x000000000800135c                DMA2_Stream4_IRQHandler
                0x000000000800135c                USART1_IRQHandler
                0x000000000800135c                OTG_FS_IRQHandler
                0x000000000800135c                SPI3_IRQHandler
                0x000000000800135c                DMA1_Stream4_IRQHandler
                0x000000000800135c                I2C1_ER_IRQHandler
                0x000000000800135c                FMC_IRQHandler
                0x000000000800135c                LPTIM1_IRQHandler
                0x000000000800135c                I2C4_ER_IRQHandler
                0x000000000800135c                DMA2_Stream6_IRQHandler
                0x000000000800135c                SAI1_IRQHandler
                0x000000000800135c                DMA1_Stream3_IRQHandler
 .text.HAL_Init
                0x000000000800135e       0x1a ./Drivers/STM32F7xx_HAL_Driver/Src/stm32f7xx_hal.o
                0x000000000800135e                HAL_Init
 .text.HAL_InitTick
                0x0000000008001378       0x60 ./Drivers/STM32F7xx_HAL_Driver/Src/stm32f7xx_hal.o
                0x0000000008001378                HAL_InitTick
 .text.HAL_IncTick
                0x00000000080013d8       0x28 ./Drivers/STM32F7xx_HAL_Driver/Src/stm32f7xx_hal.o
                0x00000000080013d8                HAL_IncTick
 .text.HAL_GetTick
                0x0000000008001400       0x18 ./Drivers/STM32F7xx_HAL_Driver/Src/stm32f7xx_hal.o
                0x0000000008001400                HAL_GetTick
 .text.HAL_Delay
                0x0000000008001418       0x48 ./Drivers/STM32F7xx_HAL_Driver/Src/stm32f7xx_hal.o
                0x0000000008001418                HAL_Delay
 .text.HAL_ADC_Init
                0x0000000008001460       0x88 ./Drivers/STM32F7xx_HAL_Driver/Src/stm32f7xx_hal_adc.o
                0x0000000008001460                HAL_ADC_Init
 .text.HAL_ADC_Start_DMA
                0x00000000080014e8      0x1f4 ./Drivers/STM32F7xx_HAL_Driver/Src/stm32f7xx_hal_adc.o
                0x00000000080014e8                HAL_ADC_Start_DMA
 .text.HAL_ADC_ConvCpltCallback
                0x00000000080016dc       0x14 ./Drivers/STM32F7xx_HAL_Driver/Src/stm32f7xx_hal_adc.o
                0x00000000080016dc                HAL_ADC_ConvCpltCallback
 .text.HAL_ADC_ConvHalfCpltCallback
                0x00000000080016f0       0x14 ./Drivers/STM32F7xx_HAL_Driver/Src/stm32f7xx_hal_adc.o
                0x00000000080016f0                HAL_ADC_ConvHalfCpltCallback
 .text.HAL_ADC_ErrorCallback
                0x0000000008001704       0x14 ./Drivers/STM32F7xx_HAL_Driver/Src/stm32f7xx_hal_adc.o
                0x0000000008001704                HAL_ADC_ErrorCallback
 .text.HAL_ADC_ConfigChannel
                0x0000000008001718      0x2ac ./Drivers/STM32F7xx_HAL_Driver/Src/stm32f7xx_hal_adc.o
                0x0000000008001718                HAL_ADC_ConfigChannel
 .text.ADC_Init
                0x00000000080019c4      0x1f4 ./Drivers/STM32F7xx_HAL_Driver/Src/stm32f7xx_hal_adc.o
 .text.ADC_DMAConvCplt
                0x0000000008001bb8       0xba ./Drivers/STM32F7xx_HAL_Driver/Src/stm32f7xx_hal_adc.o
 .text.ADC_DMAHalfConvCplt
                0x0000000008001c72       0x1c ./Drivers/STM32F7xx_HAL_Driver/Src/stm32f7xx_hal_adc.o
 .text.ADC_DMAError
                0x0000000008001c8e       0x2e ./Drivers/STM32F7xx_HAL_Driver/Src/stm32f7xx_hal_adc.o
 .text.HAL_CAN_Init
                0x0000000008001cbc      0x1f6 ./Drivers/STM32F7xx_HAL_Driver/Src/stm32f7xx_hal_can.o
                0x0000000008001cbc                HAL_CAN_Init
 *fill*         0x0000000008001eb2        0x2 
 .text.__NVIC_SetPriorityGrouping
                0x0000000008001eb4       0x48 ./Drivers/STM32F7xx_HAL_Driver/Src/stm32f7xx_hal_cortex.o
 .text.__NVIC_GetPriorityGrouping
                0x0000000008001efc       0x1c ./Drivers/STM32F7xx_HAL_Driver/Src/stm32f7xx_hal_cortex.o
 .text.__NVIC_EnableIRQ
                0x0000000008001f18       0x3c ./Drivers/STM32F7xx_HAL_Driver/Src/stm32f7xx_hal_cortex.o
 .text.__NVIC_SetPriority
                0x0000000008001f54       0x54 ./Drivers/STM32F7xx_HAL_Driver/Src/stm32f7xx_hal_cortex.o
 .text.NVIC_EncodePriority
                0x0000000008001fa8       0x66 ./Drivers/STM32F7xx_HAL_Driver/Src/stm32f7xx_hal_cortex.o
 *fill*         0x000000000800200e        0x2 
 .text.SysTick_Config
                0x0000000008002010       0x44 ./Drivers/STM32F7xx_HAL_Driver/Src/stm32f7xx_hal_cortex.o
 .text.HAL_NVIC_SetPriorityGrouping
                0x0000000008002054       0x16 ./Drivers/STM32F7xx_HAL_Driver/Src/stm32f7xx_hal_cortex.o
                0x0000000008002054                HAL_NVIC_SetPriorityGrouping
 .text.HAL_NVIC_SetPriority
                0x000000000800206a       0x38 ./Drivers/STM32F7xx_HAL_Driver/Src/stm32f7xx_hal_cortex.o
                0x000000000800206a                HAL_NVIC_SetPriority
 .text.HAL_NVIC_EnableIRQ
                0x00000000080020a2       0x1c ./Drivers/STM32F7xx_HAL_Driver/Src/stm32f7xx_hal_cortex.o
                0x00000000080020a2                HAL_NVIC_EnableIRQ
 .text.HAL_SYSTICK_Config
                0x00000000080020be       0x18 ./Drivers/STM32F7xx_HAL_Driver/Src/stm32f7xx_hal_cortex.o
                0x00000000080020be                HAL_SYSTICK_Config
 *fill*         0x00000000080020d6        0x2 
 .text.HAL_DMA_Init
                0x00000000080020d8      0x15c ./Drivers/STM32F7xx_HAL_Driver/Src/stm32f7xx_hal_dma.o
                0x00000000080020d8                HAL_DMA_Init
 .text.HAL_DMA_Start_IT
                0x0000000008002234       0xc0 ./Drivers/STM32F7xx_HAL_Driver/Src/stm32f7xx_hal_dma.o
                0x0000000008002234                HAL_DMA_Start_IT
 .text.HAL_DMA_IRQHandler
                0x00000000080022f4      0x314 ./Drivers/STM32F7xx_HAL_Driver/Src/stm32f7xx_hal_dma.o
                0x00000000080022f4                HAL_DMA_IRQHandler
 .text.DMA_SetConfig
                0x0000000008002608       0x5c ./Drivers/STM32F7xx_HAL_Driver/Src/stm32f7xx_hal_dma.o
 .text.DMA_CalcBaseAndBitshift
                0x0000000008002664       0x6c ./Drivers/STM32F7xx_HAL_Driver/Src/stm32f7xx_hal_dma.o
 .text.DMA_CheckFifoParam
                0x00000000080026d0       0xf8 ./Drivers/STM32F7xx_HAL_Driver/Src/stm32f7xx_hal_dma.o
 .text.HAL_ETH_Init
                0x00000000080027c8       0xf8 ./Drivers/STM32F7xx_HAL_Driver/Src/stm32f7xx_hal_eth.o
                0x00000000080027c8                HAL_ETH_Init
 .text.ETH_SetMACConfig
                0x00000000080028c0      0x160 ./Drivers/STM32F7xx_HAL_Driver/Src/stm32f7xx_hal_eth.o
 .text.ETH_SetDMAConfig
                0x0000000008002a20      0x114 ./Drivers/STM32F7xx_HAL_Driver/Src/stm32f7xx_hal_eth.o
 .text.ETH_MACDMAConfig
                0x0000000008002b34       0xe4 ./Drivers/STM32F7xx_HAL_Driver/Src/stm32f7xx_hal_eth.o
 .text.ETH_MACAddressConfig
                0x0000000008002c18       0x70 ./Drivers/STM32F7xx_HAL_Driver/Src/stm32f7xx_hal_eth.o
 .text.ETH_DMATxDescListInit
                0x0000000008002c88       0xb2 ./Drivers/STM32F7xx_HAL_Driver/Src/stm32f7xx_hal_eth.o
 .text.ETH_DMARxDescListInit
                0x0000000008002d3a       0xda ./Drivers/STM32F7xx_HAL_Driver/Src/stm32f7xx_hal_eth.o
 .text.HAL_GPIO_Init
                0x0000000008002e14      0x358 ./Drivers/STM32F7xx_HAL_Driver/Src/stm32f7xx_hal_gpio.o
                0x0000000008002e14                HAL_GPIO_Init
 .text.HAL_GPIO_WritePin
                0x000000000800316c       0x32 ./Drivers/STM32F7xx_HAL_Driver/Src/stm32f7xx_hal_gpio.o
                0x000000000800316c                HAL_GPIO_WritePin
 .text.HAL_PCD_Init
                0x000000000800319e      0x248 ./Drivers/STM32F7xx_HAL_Driver/Src/stm32f7xx_hal_pcd.o
                0x000000000800319e                HAL_PCD_Init
 *fill*         0x00000000080033e6        0x2 
 .text.HAL_PCDEx_ActivateLPM
                0x00000000080033e8       0x48 ./Drivers/STM32F7xx_HAL_Driver/Src/stm32f7xx_hal_pcd_ex.o
                0x00000000080033e8                HAL_PCDEx_ActivateLPM
 .text.HAL_PWR_EnableBkUpAccess
                0x0000000008003430       0x20 ./Drivers/STM32F7xx_HAL_Driver/Src/stm32f7xx_hal_pwr.o
                0x0000000008003430                HAL_PWR_EnableBkUpAccess
 .text.HAL_PWREx_EnableOverDrive
                0x0000000008003450       0xa0 ./Drivers/STM32F7xx_HAL_Driver/Src/stm32f7xx_hal_pwr_ex.o
                0x0000000008003450                HAL_PWREx_EnableOverDrive
 .text.HAL_RCC_OscConfig
                0x00000000080034f0      0x55c ./Drivers/STM32F7xx_HAL_Driver/Src/stm32f7xx_hal_rcc.o
                0x00000000080034f0                HAL_RCC_OscConfig
 .text.HAL_RCC_ClockConfig
                0x0000000008003a4c      0x1d8 ./Drivers/STM32F7xx_HAL_Driver/Src/stm32f7xx_hal_rcc.o
                0x0000000008003a4c                HAL_RCC_ClockConfig
 .text.HAL_RCC_GetSysClockFreq
                0x0000000008003c24      0x20c ./Drivers/STM32F7xx_HAL_Driver/Src/stm32f7xx_hal_rcc.o
                0x0000000008003c24                HAL_RCC_GetSysClockFreq
 .text.HAL_RCC_GetHCLKFreq
                0x0000000008003e30       0x18 ./Drivers/STM32F7xx_HAL_Driver/Src/stm32f7xx_hal_rcc.o
                0x0000000008003e30                HAL_RCC_GetHCLKFreq
 .text.HAL_RCC_GetPCLK1Freq
                0x0000000008003e48       0x28 ./Drivers/STM32F7xx_HAL_Driver/Src/stm32f7xx_hal_rcc.o
                0x0000000008003e48                HAL_RCC_GetPCLK1Freq
 .text.HAL_RCC_GetPCLK2Freq
                0x0000000008003e70       0x28 ./Drivers/STM32F7xx_HAL_Driver/Src/stm32f7xx_hal_rcc.o
                0x0000000008003e70                HAL_RCC_GetPCLK2Freq
 .text.HAL_RCCEx_PeriphCLKConfig
                0x0000000008003e98      0x850 ./Drivers/STM32F7xx_HAL_Driver/Src/stm32f7xx_hal_rcc_ex.o
                0x0000000008003e98                HAL_RCCEx_PeriphCLKConfig
 .text.HAL_UART_Init
                0x00000000080046e8       0x9c ./Drivers/STM32F7xx_HAL_Driver/Src/stm32f7xx_hal_uart.o
                0x00000000080046e8                HAL_UART_Init
 .text.UART_SetConfig
                0x0000000008004784      0x4c8 ./Drivers/STM32F7xx_HAL_Driver/Src/stm32f7xx_hal_uart.o
                0x0000000008004784                UART_SetConfig
 .text.UART_AdvFeatureConfig
                0x0000000008004c4c      0x144 ./Drivers/STM32F7xx_HAL_Driver/Src/stm32f7xx_hal_uart.o
                0x0000000008004c4c                UART_AdvFeatureConfig
 .text.UART_CheckIdleState
                0x0000000008004d90       0x9a ./Drivers/STM32F7xx_HAL_Driver/Src/stm32f7xx_hal_uart.o
                0x0000000008004d90                UART_CheckIdleState
 .text.UART_WaitOnFlagUntilTimeout
                0x0000000008004e2a      0x18c ./Drivers/STM32F7xx_HAL_Driver/Src/stm32f7xx_hal_uart.o
                0x0000000008004e2a                UART_WaitOnFlagUntilTimeout
 *fill*         0x0000000008004fb6        0x2 
 .text.USB_CoreInit
                0x0000000008004fb8       0xb0 ./Drivers/STM32F7xx_HAL_Driver/Src/stm32f7xx_ll_usb.o
                0x0000000008004fb8                USB_CoreInit
 .text.USB_DisableGlobalInt
                0x0000000008005068       0x22 ./Drivers/STM32F7xx_HAL_Driver/Src/stm32f7xx_ll_usb.o
                0x0000000008005068                USB_DisableGlobalInt
 .text.USB_SetCurrentMode
                0x000000000800508a       0x98 ./Drivers/STM32F7xx_HAL_Driver/Src/stm32f7xx_ll_usb.o
                0x000000000800508a                USB_SetCurrentMode
 *fill*         0x0000000008005122        0x2 
 .text.USB_DevInit
                0x0000000008005124      0x2bc ./Drivers/STM32F7xx_HAL_Driver/Src/stm32f7xx_ll_usb.o
                0x0000000008005124                USB_DevInit
 .text.USB_FlushTxFifo
                0x00000000080053e0       0x68 ./Drivers/STM32F7xx_HAL_Driver/Src/stm32f7xx_ll_usb.o
                0x00000000080053e0                USB_FlushTxFifo
 .text.USB_FlushRxFifo
                0x0000000008005448       0x60 ./Drivers/STM32F7xx_HAL_Driver/Src/stm32f7xx_ll_usb.o
                0x0000000008005448                USB_FlushRxFifo
 .text.USB_SetDevSpeed
                0x00000000080054a8       0x32 ./Drivers/STM32F7xx_HAL_Driver/Src/stm32f7xx_ll_usb.o
                0x00000000080054a8                USB_SetDevSpeed
 .text.USB_DevDisconnect
                0x00000000080054da       0x42 ./Drivers/STM32F7xx_HAL_Driver/Src/stm32f7xx_ll_usb.o
                0x00000000080054da                USB_DevDisconnect
 .text.USB_GetMode
                0x000000000800551c       0x1c ./Drivers/STM32F7xx_HAL_Driver/Src/stm32f7xx_ll_usb.o
                0x000000000800551c                USB_GetMode
 .text.USB_CoreReset
                0x0000000008005538       0x68 ./Drivers/STM32F7xx_HAL_Driver/Src/stm32f7xx_ll_usb.o
 .text.memset   0x00000000080055a0       0x10 /opt/st/stm32cubeide_1.13.2/plugins/com.st.stm32cube.ide.mcu.externaltools.gnu-tools-for-stm32.11.3.rel1.linux64_1.1.1.202309131626/tools/bin/../lib/gcc/arm-none-eabi/11.3.1/../../../../arm-none-eabi/lib/thumb/v7e-m+dp/hard/libc_nano.a(libc_a-memset.o)
                0x00000000080055a0                memset
 .text.__libc_init_array
                0x00000000080055b0       0x48 /opt/st/stm32cubeide_1.13.2/plugins/com.st.stm32cube.ide.mcu.externaltools.gnu-tools-for-stm32.11.3.rel1.linux64_1.1.1.202309131626/tools/bin/../lib/gcc/arm-none-eabi/11.3.1/../../../../arm-none-eabi/lib/thumb/v7e-m+dp/hard/libc_nano.a(libc_a-init.o)
                0x00000000080055b0                __libc_init_array
 *(.glue_7)
 .glue_7        0x00000000080055f8        0x0 linker stubs
 *(.glue_7t)
 .glue_7t       0x00000000080055f8        0x0 linker stubs
 *(.eh_frame)
 .eh_frame      0x00000000080055f8        0x0 /opt/st/stm32cubeide_1.13.2/plugins/com.st.stm32cube.ide.mcu.externaltools.gnu-tools-for-stm32.11.3.rel1.linux64_1.1.1.202309131626/tools/bin/../lib/gcc/arm-none-eabi/11.3.1/thumb/v7e-m+dp/hard/crtbegin.o
 *(.init)
 .init          0x00000000080055f8        0x4 /opt/st/stm32cubeide_1.13.2/plugins/com.st.stm32cube.ide.mcu.externaltools.gnu-tools-for-stm32.11.3.rel1.linux64_1.1.1.202309131626/tools/bin/../lib/gcc/arm-none-eabi/11.3.1/thumb/v7e-m+dp/hard/crti.o
                0x00000000080055f8                _init
 .init          0x00000000080055fc        0x8 /opt/st/stm32cubeide_1.13.2/plugins/com.st.stm32cube.ide.mcu.externaltools.gnu-tools-for-stm32.11.3.rel1.linux64_1.1.1.202309131626/tools/bin/../lib/gcc/arm-none-eabi/11.3.1/thumb/v7e-m+dp/hard/crtn.o
 *(.fini)
 .fini          0x0000000008005604        0x4 /opt/st/stm32cubeide_1.13.2/plugins/com.st.stm32cube.ide.mcu.externaltools.gnu-tools-for-stm32.11.3.rel1.linux64_1.1.1.202309131626/tools/bin/../lib/gcc/arm-none-eabi/11.3.1/thumb/v7e-m+dp/hard/crti.o
                0x0000000008005604                _fini
 .fini          0x0000000008005608        0x8 /opt/st/stm32cubeide_1.13.2/plugins/com.st.stm32cube.ide.mcu.externaltools.gnu-tools-for-stm32.11.3.rel1.linux64_1.1.1.202309131626/tools/bin/../lib/gcc/arm-none-eabi/11.3.1/thumb/v7e-m+dp/hard/crtn.o
                0x0000000008005610                . = ALIGN (0x4)
                0x0000000008005610                _etext = .

.vfp11_veneer   0x0000000008005610        0x0
 .vfp11_veneer  0x0000000008005610        0x0 linker stubs

.v4_bx          0x0000000008005610        0x0
 .v4_bx         0x0000000008005610        0x0 linker stubs

.iplt           0x0000000008005610        0x0
 .iplt          0x0000000008005610        0x0 /opt/st/stm32cubeide_1.13.2/plugins/com.st.stm32cube.ide.mcu.externaltools.gnu-tools-for-stm32.11.3.rel1.linux64_1.1.1.202309131626/tools/bin/../lib/gcc/arm-none-eabi/11.3.1/thumb/v7e-m+dp/hard/crtbegin.o

.rodata         0x0000000008005610       0x20
                0x0000000008005610                . = ALIGN (0x4)
 *(.rodata)
 *(.rodata*)
 .rodata.AHBPrescTable
                0x0000000008005610       0x10 ./Core/Src/system_stm32f7xx.o
                0x0000000008005610                AHBPrescTable
 .rodata.APBPrescTable
                0x0000000008005620        0x8 ./Core/Src/system_stm32f7xx.o
                0x0000000008005620                APBPrescTable
 .rodata.flagBitshiftOffset.0
                0x0000000008005628        0x8 ./Drivers/STM32F7xx_HAL_Driver/Src/stm32f7xx_hal_dma.o
                0x0000000008005630                . = ALIGN (0x4)

.ARM.extab      0x0000000008005630        0x0
                0x0000000008005630                . = ALIGN (0x4)
 *(.ARM.extab* .gnu.linkonce.armextab.*)
                0x0000000008005630                . = ALIGN (0x4)

.ARM            0x0000000008005630        0x8
                0x0000000008005630                . = ALIGN (0x4)
                0x0000000008005630                __exidx_start = .
 *(.ARM.exidx*)
 .ARM.exidx     0x0000000008005630        0x8 /opt/st/stm32cubeide_1.13.2/plugins/com.st.stm32cube.ide.mcu.externaltools.gnu-tools-for-stm32.11.3.rel1.linux64_1.1.1.202309131626/tools/bin/../lib/gcc/arm-none-eabi/11.3.1/thumb/v7e-m+dp/hard/libgcc.a(_udivmoddi4.o)
                0x0000000008005638                __exidx_end = .
                0x0000000008005638                . = ALIGN (0x4)

.rel.dyn        0x0000000008005638        0x0
 .rel.iplt      0x0000000008005638        0x0 /opt/st/stm32cubeide_1.13.2/plugins/com.st.stm32cube.ide.mcu.externaltools.gnu-tools-for-stm32.11.3.rel1.linux64_1.1.1.202309131626/tools/bin/../lib/gcc/arm-none-eabi/11.3.1/thumb/v7e-m+dp/hard/crtbegin.o

.preinit_array  0x0000000008005638        0x0
                0x0000000008005638                . = ALIGN (0x4)
                0x0000000008005638                PROVIDE (__preinit_array_start = .)
 *(.preinit_array*)
                0x0000000008005638                PROVIDE (__preinit_array_end = .)
                0x0000000008005638                . = ALIGN (0x4)

.init_array     0x0000000008005638        0x4
                0x0000000008005638                . = ALIGN (0x4)
                0x0000000008005638                PROVIDE (__init_array_start = .)
 *(SORT_BY_NAME(.init_array.*))
 *(.init_array*)
 .init_array    0x0000000008005638        0x4 /opt/st/stm32cubeide_1.13.2/plugins/com.st.stm32cube.ide.mcu.externaltools.gnu-tools-for-stm32.11.3.rel1.linux64_1.1.1.202309131626/tools/bin/../lib/gcc/arm-none-eabi/11.3.1/thumb/v7e-m+dp/hard/crtbegin.o
                0x000000000800563c                PROVIDE (__init_array_end = .)
                0x000000000800563c                . = ALIGN (0x4)

.fini_array     0x000000000800563c        0x4
                0x000000000800563c                . = ALIGN (0x4)
                [!provide]                        PROVIDE (__fini_array_start = .)
 *(SORT_BY_NAME(.fini_array.*))
 *(.fini_array*)
 .fini_array    0x000000000800563c        0x4 /opt/st/stm32cubeide_1.13.2/plugins/com.st.stm32cube.ide.mcu.externaltools.gnu-tools-for-stm32.11.3.rel1.linux64_1.1.1.202309131626/tools/bin/../lib/gcc/arm-none-eabi/11.3.1/thumb/v7e-m+dp/hard/crtbegin.o
                [!provide]                        PROVIDE (__fini_array_end = .)
                0x0000000008005640                . = ALIGN (0x4)
                0x0000000008005640                _sidata = LOADADDR (.data)

.data           0x0000000020000000       0x10 load address 0x0000000008005640
                0x0000000020000000                . = ALIGN (0x4)
                0x0000000020000000                _sdata = .
 *(.data)
 *(.data*)
 .data.SystemCoreClock
                0x0000000020000000        0x4 ./Core/Src/system_stm32f7xx.o
                0x0000000020000000                SystemCoreClock
 .data.rear     0x0000000020000004        0x1 ./Core/Src/temp_sensing.o
 *fill*         0x0000000020000005        0x3 
 .data.uwTickPrio
                0x0000000020000008        0x4 ./Drivers/STM32F7xx_HAL_Driver/Src/stm32f7xx_hal.o
                0x0000000020000008                uwTickPrio
 .data.uwTickFreq
                0x000000002000000c        0x1 ./Drivers/STM32F7xx_HAL_Driver/Src/stm32f7xx_hal.o
                0x000000002000000c                uwTickFreq
 *(.RamFunc)
 *(.RamFunc*)
                0x0000000020000010                . = ALIGN (0x4)
 *fill*         0x000000002000000d        0x3 
                0x0000000020000010                _edata = .

.igot.plt       0x0000000020000010        0x0 load address 0x0000000008005650
 .igot.plt      0x0000000020000010        0x0 /opt/st/stm32cubeide_1.13.2/plugins/com.st.stm32cube.ide.mcu.externaltools.gnu-tools-for-stm32.11.3.rel1.linux64_1.1.1.202309131626/tools/bin/../lib/gcc/arm-none-eabi/11.3.1/thumb/v7e-m+dp/hard/crtbegin.o

.RxDecripSection
                0x0000000020000010       0xa0 load address 0x0000000008005650
 .RxDecripSection
                0x0000000020000010       0xa0 ./Core/Src/main.o
                0x0000000020000010                DMARxDscrTab

.TxDecripSection
                0x00000000200000b0       0xa0 load address 0x00000000080056f0
 .TxDecripSection
                0x00000000200000b0       0xa0 ./Core/Src/main.o
                0x00000000200000b0                DMATxDscrTab
                0x0000000020000150                . = ALIGN (0x4)

.bss            0x0000000020000150      0xc80 load address 0x0000000008005790
                0x0000000020000150                _sbss = .
                0x0000000020000150                __bss_start__ = _sbss
 *(.bss)
 .bss           0x0000000020000150       0x1c /opt/st/stm32cubeide_1.13.2/plugins/com.st.stm32cube.ide.mcu.externaltools.gnu-tools-for-stm32.11.3.rel1.linux64_1.1.1.202309131626/tools/bin/../lib/gcc/arm-none-eabi/11.3.1/thumb/v7e-m+dp/hard/crtbegin.o
 *(.bss*)
 .bss.TxConfig  0x000000002000016c       0x38 ./Core/Src/main.o
                0x000000002000016c                TxConfig
 .bss.hadc1     0x00000000200001a4       0x48 ./Core/Src/main.o
                0x00000000200001a4                hadc1
 .bss.hadc3     0x00000000200001ec       0x48 ./Core/Src/main.o
                0x00000000200001ec                hadc3
 .bss.hdma_adc3
                0x0000000020000234       0x60 ./Core/Src/main.o
                0x0000000020000234                hdma_adc3
 .bss.hcan3     0x0000000020000294       0x28 ./Core/Src/main.o
                0x0000000020000294                hcan3
 .bss.heth      0x00000000200002bc       0xb0 ./Core/Src/main.o
                0x00000000200002bc                heth
 .bss.huart3    0x000000002000036c       0x88 ./Core/Src/main.o
                0x000000002000036c                huart3
 .bss.hpcd_USB_OTG_FS
                0x00000000200003f4      0x508 ./Core/Src/main.o
                0x00000000200003f4                hpcd_USB_OTG_FS
 .bss.adc_data  0x00000000200008fc       0x18 ./Core/Src/main.o
                0x00000000200008fc                adc_data
 .bss.temp_data
                0x0000000020000914      0x4b0 ./Core/Src/main.o
                0x0000000020000914                temp_data
 .bss.MACAddr.0
                0x0000000020000dc4        0x6 ./Core/Src/main.o
 *fill*         0x0000000020000dca        0x2 
 .bss.uwTick    0x0000000020000dcc        0x4 ./Drivers/STM32F7xx_HAL_Driver/Src/stm32f7xx_hal.o
                0x0000000020000dcc                uwTick
 *(COMMON)
                0x0000000020000dd0                . = ALIGN (0x4)
                0x0000000020000dd0                _ebss = .
                0x0000000020000dd0                __bss_end__ = _ebss

._user_heap_stack
                0x0000000020000dd0      0x600 load address 0x0000000008005790
                0x0000000020000dd0                . = ALIGN (0x8)
                [!provide]                        PROVIDE (end = .)
                0x0000000020000dd0                PROVIDE (_end = .)
                0x0000000020000fd0                . = (. + _Min_Heap_Size)
 *fill*         0x0000000020000dd0      0x200 
                0x00000000200013d0                . = (. + _Min_Stack_Size)
 *fill*         0x0000000020000fd0      0x400 
                0x00000000200013d0                . = ALIGN (0x8)

/DISCARD/
 libc.a(*)
 libm.a(*)
 libgcc.a(*)

.ARM.attributes
                0x0000000000000000       0x2e
 *(.ARM.attributes)
 .ARM.attributes
                0x0000000000000000       0x1e /opt/st/stm32cubeide_1.13.2/plugins/com.st.stm32cube.ide.mcu.externaltools.gnu-tools-for-stm32.11.3.rel1.linux64_1.1.1.202309131626/tools/bin/../lib/gcc/arm-none-eabi/11.3.1/thumb/v7e-m+dp/hard/crti.o
 .ARM.attributes
                0x000000000000001e       0x32 /opt/st/stm32cubeide_1.13.2/plugins/com.st.stm32cube.ide.mcu.externaltools.gnu-tools-for-stm32.11.3.rel1.linux64_1.1.1.202309131626/tools/bin/../lib/gcc/arm-none-eabi/11.3.1/thumb/v7e-m+dp/hard/crtbegin.o
 .ARM.attributes
                0x0000000000000050       0x32 ./Core/Src/main.o
 .ARM.attributes
                0x0000000000000082       0x32 ./Core/Src/stm32f7xx_hal_msp.o
 .ARM.attributes
                0x00000000000000b4       0x32 ./Core/Src/stm32f7xx_it.o
 .ARM.attributes
                0x00000000000000e6       0x32 ./Core/Src/system_stm32f7xx.o
 .ARM.attributes
                0x0000000000000118       0x32 ./Core/Src/temp_sensing.o
 .ARM.attributes
                0x000000000000014a       0x21 ./Core/Startup/startup_stm32f767zitx.o
 .ARM.attributes
                0x000000000000016b       0x32 ./Drivers/STM32F7xx_HAL_Driver/Src/stm32f7xx_hal.o
 .ARM.attributes
                0x000000000000019d       0x32 ./Drivers/STM32F7xx_HAL_Driver/Src/stm32f7xx_hal_adc.o
 .ARM.attributes
                0x00000000000001cf       0x32 ./Drivers/STM32F7xx_HAL_Driver/Src/stm32f7xx_hal_can.o
 .ARM.attributes
                0x0000000000000201       0x32 ./Drivers/STM32F7xx_HAL_Driver/Src/stm32f7xx_hal_cortex.o
 .ARM.attributes
                0x0000000000000233       0x32 ./Drivers/STM32F7xx_HAL_Driver/Src/stm32f7xx_hal_dma.o
 .ARM.attributes
                0x0000000000000265       0x32 ./Drivers/STM32F7xx_HAL_Driver/Src/stm32f7xx_hal_eth.o
 .ARM.attributes
                0x0000000000000297       0x32 ./Drivers/STM32F7xx_HAL_Driver/Src/stm32f7xx_hal_gpio.o
 .ARM.attributes
                0x00000000000002c9       0x32 ./Drivers/STM32F7xx_HAL_Driver/Src/stm32f7xx_hal_pcd.o
 .ARM.attributes
                0x00000000000002fb       0x32 ./Drivers/STM32F7xx_HAL_Driver/Src/stm32f7xx_hal_pcd_ex.o
 .ARM.attributes
                0x000000000000032d       0x32 ./Drivers/STM32F7xx_HAL_Driver/Src/stm32f7xx_hal_pwr.o
 .ARM.attributes
                0x000000000000035f       0x32 ./Drivers/STM32F7xx_HAL_Driver/Src/stm32f7xx_hal_pwr_ex.o
 .ARM.attributes
                0x0000000000000391       0x32 ./Drivers/STM32F7xx_HAL_Driver/Src/stm32f7xx_hal_rcc.o
 .ARM.attributes
                0x00000000000003c3       0x32 ./Drivers/STM32F7xx_HAL_Driver/Src/stm32f7xx_hal_rcc_ex.o
 .ARM.attributes
                0x00000000000003f5       0x32 ./Drivers/STM32F7xx_HAL_Driver/Src/stm32f7xx_hal_uart.o
 .ARM.attributes
                0x0000000000000427       0x32 ./Drivers/STM32F7xx_HAL_Driver/Src/stm32f7xx_ll_usb.o
 .ARM.attributes
                0x0000000000000459       0x32 /opt/st/stm32cubeide_1.13.2/plugins/com.st.stm32cube.ide.mcu.externaltools.gnu-tools-for-stm32.11.3.rel1.linux64_1.1.1.202309131626/tools/bin/../lib/gcc/arm-none-eabi/11.3.1/../../../../arm-none-eabi/lib/thumb/v7e-m+dp/hard/libc_nano.a(libc_a-memset.o)
 .ARM.attributes
                0x000000000000048b       0x32 /opt/st/stm32cubeide_1.13.2/plugins/com.st.stm32cube.ide.mcu.externaltools.gnu-tools-for-stm32.11.3.rel1.linux64_1.1.1.202309131626/tools/bin/../lib/gcc/arm-none-eabi/11.3.1/../../../../arm-none-eabi/lib/thumb/v7e-m+dp/hard/libc_nano.a(libc_a-init.o)
 .ARM.attributes
                0x00000000000004bd       0x1e /opt/st/stm32cubeide_1.13.2/plugins/com.st.stm32cube.ide.mcu.externaltools.gnu-tools-for-stm32.11.3.rel1.linux64_1.1.1.202309131626/tools/bin/../lib/gcc/arm-none-eabi/11.3.1/thumb/v7e-m+dp/hard/libgcc.a(_aeabi_uldivmod.o)
 .ARM.attributes
                0x00000000000004db       0x32 /opt/st/stm32cubeide_1.13.2/plugins/com.st.stm32cube.ide.mcu.externaltools.gnu-tools-for-stm32.11.3.rel1.linux64_1.1.1.202309131626/tools/bin/../lib/gcc/arm-none-eabi/11.3.1/thumb/v7e-m+dp/hard/libgcc.a(_udivmoddi4.o)
 .ARM.attributes
                0x000000000000050d       0x1e /opt/st/stm32cubeide_1.13.2/plugins/com.st.stm32cube.ide.mcu.externaltools.gnu-tools-for-stm32.11.3.rel1.linux64_1.1.1.202309131626/tools/bin/../lib/gcc/arm-none-eabi/11.3.1/thumb/v7e-m+dp/hard/libgcc.a(_dvmd_tls.o)
 .ARM.attributes
                0x000000000000052b       0x1e /opt/st/stm32cubeide_1.13.2/plugins/com.st.stm32cube.ide.mcu.externaltools.gnu-tools-for-stm32.11.3.rel1.linux64_1.1.1.202309131626/tools/bin/../lib/gcc/arm-none-eabi/11.3.1/thumb/v7e-m+dp/hard/crtn.o
OUTPUT(STM32F767ZITX.elf elf32-littlearm)
LOAD linker stubs
LOAD /opt/st/stm32cubeide_1.13.2/plugins/com.st.stm32cube.ide.mcu.externaltools.gnu-tools-for-stm32.11.3.rel1.linux64_1.1.1.202309131626/tools/bin/../lib/gcc/arm-none-eabi/11.3.1/../../../../arm-none-eabi/lib/thumb/v7e-m+dp/hard/libc.a
LOAD /opt/st/stm32cubeide_1.13.2/plugins/com.st.stm32cube.ide.mcu.externaltools.gnu-tools-for-stm32.11.3.rel1.linux64_1.1.1.202309131626/tools/bin/../lib/gcc/arm-none-eabi/11.3.1/../../../../arm-none-eabi/lib/thumb/v7e-m+dp/hard/libm.a
LOAD /opt/st/stm32cubeide_1.13.2/plugins/com.st.stm32cube.ide.mcu.externaltools.gnu-tools-for-stm32.11.3.rel1.linux64_1.1.1.202309131626/tools/bin/../lib/gcc/arm-none-eabi/11.3.1/thumb/v7e-m+dp/hard/libgcc.a

.comment        0x0000000000000000       0x43
 .comment       0x0000000000000000       0x43 /opt/st/stm32cubeide_1.13.2/plugins/com.st.stm32cube.ide.mcu.externaltools.gnu-tools-for-stm32.11.3.rel1.linux64_1.1.1.202309131626/tools/bin/../lib/gcc/arm-none-eabi/11.3.1/thumb/v7e-m+dp/hard/crtbegin.o
                                         0x44 (size before relaxing)
 .comment       0x0000000000000043       0x44 ./Core/Src/main.o
 .comment       0x0000000000000043       0x44 ./Core/Src/stm32f7xx_hal_msp.o
 .comment       0x0000000000000043       0x44 ./Core/Src/stm32f7xx_it.o
 .comment       0x0000000000000043       0x44 ./Core/Src/system_stm32f7xx.o
 .comment       0x0000000000000043       0x44 ./Core/Src/temp_sensing.o
 .comment       0x0000000000000043       0x44 ./Drivers/STM32F7xx_HAL_Driver/Src/stm32f7xx_hal.o
 .comment       0x0000000000000043       0x44 ./Drivers/STM32F7xx_HAL_Driver/Src/stm32f7xx_hal_adc.o
 .comment       0x0000000000000043       0x44 ./Drivers/STM32F7xx_HAL_Driver/Src/stm32f7xx_hal_can.o
 .comment       0x0000000000000043       0x44 ./Drivers/STM32F7xx_HAL_Driver/Src/stm32f7xx_hal_cortex.o
 .comment       0x0000000000000043       0x44 ./Drivers/STM32F7xx_HAL_Driver/Src/stm32f7xx_hal_dma.o
 .comment       0x0000000000000043       0x44 ./Drivers/STM32F7xx_HAL_Driver/Src/stm32f7xx_hal_eth.o
 .comment       0x0000000000000043       0x44 ./Drivers/STM32F7xx_HAL_Driver/Src/stm32f7xx_hal_gpio.o
 .comment       0x0000000000000043       0x44 ./Drivers/STM32F7xx_HAL_Driver/Src/stm32f7xx_hal_pcd.o
 .comment       0x0000000000000043       0x44 ./Drivers/STM32F7xx_HAL_Driver/Src/stm32f7xx_hal_pcd_ex.o
 .comment       0x0000000000000043       0x44 ./Drivers/STM32F7xx_HAL_Driver/Src/stm32f7xx_hal_pwr.o
 .comment       0x0000000000000043       0x44 ./Drivers/STM32F7xx_HAL_Driver/Src/stm32f7xx_hal_pwr_ex.o
 .comment       0x0000000000000043       0x44 ./Drivers/STM32F7xx_HAL_Driver/Src/stm32f7xx_hal_rcc.o
 .comment       0x0000000000000043       0x44 ./Drivers/STM32F7xx_HAL_Driver/Src/stm32f7xx_hal_rcc_ex.o
 .comment       0x0000000000000043       0x44 ./Drivers/STM32F7xx_HAL_Driver/Src/stm32f7xx_hal_uart.o
 .comment       0x0000000000000043       0x44 ./Drivers/STM32F7xx_HAL_Driver/Src/stm32f7xx_ll_usb.o

.debug_info     0x0000000000000000    0x1515c
 .debug_info    0x0000000000000000     0x27c2 ./Core/Src/main.o
 .debug_info    0x00000000000027c2     0x235e ./Core/Src/stm32f7xx_hal_msp.o
 .debug_info    0x0000000000004b20      0x3a9 ./Core/Src/stm32f7xx_it.o
 .debug_info    0x0000000000004ec9      0x6ed ./Core/Src/system_stm32f7xx.o
 .debug_info    0x00000000000055b6      0x28c ./Core/Src/temp_sensing.o
 .debug_info    0x0000000000005842       0x23 ./Core/Startup/startup_stm32f767zitx.o
 .debug_info    0x0000000000005865      0xa4c ./Drivers/STM32F7xx_HAL_Driver/Src/stm32f7xx_hal.o
 .debug_info    0x00000000000062b1      0xc83 ./Drivers/STM32F7xx_HAL_Driver/Src/stm32f7xx_hal_adc.o
 .debug_info    0x0000000000006f34      0xf20 ./Drivers/STM32F7xx_HAL_Driver/Src/stm32f7xx_hal_can.o
 .debug_info    0x0000000000007e54      0xf8b ./Drivers/STM32F7xx_HAL_Driver/Src/stm32f7xx_hal_cortex.o
 .debug_info    0x0000000000008ddf      0x8e7 ./Drivers/STM32F7xx_HAL_Driver/Src/stm32f7xx_hal_dma.o
 .debug_info    0x00000000000096c6     0x2090 ./Drivers/STM32F7xx_HAL_Driver/Src/stm32f7xx_hal_eth.o
 .debug_info    0x000000000000b756      0x6f3 ./Drivers/STM32F7xx_HAL_Driver/Src/stm32f7xx_hal_gpio.o
 .debug_info    0x000000000000be49     0x156c ./Drivers/STM32F7xx_HAL_Driver/Src/stm32f7xx_hal_pcd.o
 .debug_info    0x000000000000d3b5      0x78b ./Drivers/STM32F7xx_HAL_Driver/Src/stm32f7xx_hal_pcd_ex.o
 .debug_info    0x000000000000db40      0x90e ./Drivers/STM32F7xx_HAL_Driver/Src/stm32f7xx_hal_pwr.o
 .debug_info    0x000000000000e44e      0x8cd ./Drivers/STM32F7xx_HAL_Driver/Src/stm32f7xx_hal_pwr_ex.o
 .debug_info    0x000000000000ed1b      0x937 ./Drivers/STM32F7xx_HAL_Driver/Src/stm32f7xx_hal_rcc.o
 .debug_info    0x000000000000f652      0x6e1 ./Drivers/STM32F7xx_HAL_Driver/Src/stm32f7xx_hal_rcc_ex.o
 .debug_info    0x000000000000fd33     0x3a6d ./Drivers/STM32F7xx_HAL_Driver/Src/stm32f7xx_hal_uart.o
 .debug_info    0x00000000000137a0     0x19bc ./Drivers/STM32F7xx_HAL_Driver/Src/stm32f7xx_ll_usb.o

.debug_abbrev   0x0000000000000000     0x2d3b
 .debug_abbrev  0x0000000000000000      0x332 ./Core/Src/main.o
 .debug_abbrev  0x0000000000000332      0x29f ./Core/Src/stm32f7xx_hal_msp.o
 .debug_abbrev  0x00000000000005d1      0x169 ./Core/Src/stm32f7xx_it.o
 .debug_abbrev  0x000000000000073a      0x13b ./Core/Src/system_stm32f7xx.o
 .debug_abbrev  0x0000000000000875      0x14c ./Core/Src/temp_sensing.o
 .debug_abbrev  0x00000000000009c1       0x12 ./Core/Startup/startup_stm32f767zitx.o
 .debug_abbrev  0x00000000000009d3      0x213 ./Drivers/STM32F7xx_HAL_Driver/Src/stm32f7xx_hal.o
 .debug_abbrev  0x0000000000000be6      0x252 ./Drivers/STM32F7xx_HAL_Driver/Src/stm32f7xx_hal_adc.o
 .debug_abbrev  0x0000000000000e38      0x252 ./Drivers/STM32F7xx_HAL_Driver/Src/stm32f7xx_hal_can.o
 .debug_abbrev  0x000000000000108a      0x329 ./Drivers/STM32F7xx_HAL_Driver/Src/stm32f7xx_hal_cortex.o
 .debug_abbrev  0x00000000000013b3      0x264 ./Drivers/STM32F7xx_HAL_Driver/Src/stm32f7xx_hal_dma.o
 .debug_abbrev  0x0000000000001617      0x2ec ./Drivers/STM32F7xx_HAL_Driver/Src/stm32f7xx_hal_eth.o
 .debug_abbrev  0x0000000000001903      0x1d4 ./Drivers/STM32F7xx_HAL_Driver/Src/stm32f7xx_hal_gpio.o
 .debug_abbrev  0x0000000000001ad7      0x2e7 ./Drivers/STM32F7xx_HAL_Driver/Src/stm32f7xx_hal_pcd.o
 .debug_abbrev  0x0000000000001dbe      0x1ca ./Drivers/STM32F7xx_HAL_Driver/Src/stm32f7xx_hal_pcd_ex.o
 .debug_abbrev  0x0000000000001f88      0x1c5 ./Drivers/STM32F7xx_HAL_Driver/Src/stm32f7xx_hal_pwr.o
 .debug_abbrev  0x000000000000214d      0x1d5 ./Drivers/STM32F7xx_HAL_Driver/Src/stm32f7xx_hal_pwr_ex.o
 .debug_abbrev  0x0000000000002322      0x2de ./Drivers/STM32F7xx_HAL_Driver/Src/stm32f7xx_hal_rcc.o
 .debug_abbrev  0x0000000000002600      0x1c9 ./Drivers/STM32F7xx_HAL_Driver/Src/stm32f7xx_hal_rcc_ex.o
 .debug_abbrev  0x00000000000027c9      0x2e6 ./Drivers/STM32F7xx_HAL_Driver/Src/stm32f7xx_hal_uart.o
 .debug_abbrev  0x0000000000002aaf      0x28c ./Drivers/STM32F7xx_HAL_Driver/Src/stm32f7xx_ll_usb.o

.debug_aranges  0x0000000000000000     0x1030
 .debug_aranges
                0x0000000000000000       0x70 ./Core/Src/main.o
 .debug_aranges
                0x0000000000000070       0x70 ./Core/Src/stm32f7xx_hal_msp.o
 .debug_aranges
                0x00000000000000e0       0x68 ./Core/Src/stm32f7xx_it.o
 .debug_aranges
                0x0000000000000148       0x28 ./Core/Src/system_stm32f7xx.o
 .debug_aranges
                0x0000000000000170       0x28 ./Core/Src/temp_sensing.o
 .debug_aranges
                0x0000000000000198       0x28 ./Core/Startup/startup_stm32f767zitx.o
 .debug_aranges
                0x00000000000001c0      0x110 ./Drivers/STM32F7xx_HAL_Driver/Src/stm32f7xx_hal.o
 .debug_aranges
                0x00000000000002d0       0xe8 ./Drivers/STM32F7xx_HAL_Driver/Src/stm32f7xx_hal_adc.o
 .debug_aranges
                0x00000000000003b8      0x138 ./Drivers/STM32F7xx_HAL_Driver/Src/stm32f7xx_hal_can.o
 .debug_aranges
                0x00000000000004f0      0x118 ./Drivers/STM32F7xx_HAL_Driver/Src/stm32f7xx_hal_cortex.o
 .debug_aranges
                0x0000000000000608       0x90 ./Drivers/STM32F7xx_HAL_Driver/Src/stm32f7xx_hal_dma.o
 .debug_aranges
                0x0000000000000698      0x1e0 ./Drivers/STM32F7xx_HAL_Driver/Src/stm32f7xx_hal_eth.o
 .debug_aranges
                0x0000000000000878       0x58 ./Drivers/STM32F7xx_HAL_Driver/Src/stm32f7xx_hal_gpio.o
 .debug_aranges
                0x00000000000008d0      0x148 ./Drivers/STM32F7xx_HAL_Driver/Src/stm32f7xx_hal_pcd.o
 .debug_aranges
                0x0000000000000a18       0x48 ./Drivers/STM32F7xx_HAL_Driver/Src/stm32f7xx_hal_pcd_ex.o
 .debug_aranges
                0x0000000000000a60       0xa0 ./Drivers/STM32F7xx_HAL_Driver/Src/stm32f7xx_hal_pwr.o
 .debug_aranges
                0x0000000000000b00       0x80 ./Drivers/STM32F7xx_HAL_Driver/Src/stm32f7xx_hal_pwr_ex.o
 .debug_aranges
                0x0000000000000b80       0x88 ./Drivers/STM32F7xx_HAL_Driver/Src/stm32f7xx_hal_rcc.o
 .debug_aranges
                0x0000000000000c08       0x50 ./Drivers/STM32F7xx_HAL_Driver/Src/stm32f7xx_hal_rcc_ex.o
 .debug_aranges
                0x0000000000000c58      0x230 ./Drivers/STM32F7xx_HAL_Driver/Src/stm32f7xx_hal_uart.o
 .debug_aranges
                0x0000000000000e88      0x1a8 ./Drivers/STM32F7xx_HAL_Driver/Src/stm32f7xx_ll_usb.o

.debug_rnglists
                0x0000000000000000      0xc74
 .debug_rnglists
                0x0000000000000000       0x54 ./Core/Src/main.o
 .debug_rnglists
                0x0000000000000054       0x54 ./Core/Src/stm32f7xx_hal_msp.o
 .debug_rnglists
                0x00000000000000a8       0x49 ./Core/Src/stm32f7xx_it.o
 .debug_rnglists
                0x00000000000000f1       0x1a ./Core/Src/system_stm32f7xx.o
 .debug_rnglists
                0x000000000000010b       0x1a ./Core/Src/temp_sensing.o
 .debug_rnglists
                0x0000000000000125       0x19 ./Core/Startup/startup_stm32f767zitx.o
 .debug_rnglists
                0x000000000000013e       0xc7 ./Drivers/STM32F7xx_HAL_Driver/Src/stm32f7xx_hal.o
 .debug_rnglists
                0x0000000000000205       0xb5 ./Drivers/STM32F7xx_HAL_Driver/Src/stm32f7xx_hal_adc.o
 .debug_rnglists
                0x00000000000002ba       0xee ./Drivers/STM32F7xx_HAL_Driver/Src/stm32f7xx_hal_can.o
 .debug_rnglists
                0x00000000000003a8       0xce ./Drivers/STM32F7xx_HAL_Driver/Src/stm32f7xx_hal_cortex.o
 .debug_rnglists
                0x0000000000000476       0x70 ./Drivers/STM32F7xx_HAL_Driver/Src/stm32f7xx_hal_dma.o
 .debug_rnglists
                0x00000000000004e6      0x17d ./Drivers/STM32F7xx_HAL_Driver/Src/stm32f7xx_hal_eth.o
 .debug_rnglists
                0x0000000000000663       0x3f ./Drivers/STM32F7xx_HAL_Driver/Src/stm32f7xx_hal_gpio.o
 .debug_rnglists
                0x00000000000006a2       0xfc ./Drivers/STM32F7xx_HAL_Driver/Src/stm32f7xx_hal_pcd.o
 .debug_rnglists
                0x000000000000079e       0x32 ./Drivers/STM32F7xx_HAL_Driver/Src/stm32f7xx_hal_pcd_ex.o
 .debug_rnglists
                0x00000000000007d0       0x74 ./Drivers/STM32F7xx_HAL_Driver/Src/stm32f7xx_hal_pwr.o
 .debug_rnglists
                0x0000000000000844       0x5f ./Drivers/STM32F7xx_HAL_Driver/Src/stm32f7xx_hal_pwr_ex.o
 .debug_rnglists
                0x00000000000008a3       0x67 ./Drivers/STM32F7xx_HAL_Driver/Src/stm32f7xx_hal_rcc.o
 .debug_rnglists
                0x000000000000090a       0x3c ./Drivers/STM32F7xx_HAL_Driver/Src/stm32f7xx_hal_rcc_ex.o
 .debug_rnglists
                0x0000000000000946      0x1e0 ./Drivers/STM32F7xx_HAL_Driver/Src/stm32f7xx_hal_uart.o
 .debug_rnglists
                0x0000000000000b26      0x14e ./Drivers/STM32F7xx_HAL_Driver/Src/stm32f7xx_ll_usb.o

.debug_macro    0x0000000000000000    0x29bec
 .debug_macro   0x0000000000000000      0x30a ./Core/Src/main.o
 .debug_macro   0x000000000000030a      0xac0 ./Core/Src/main.o
 .debug_macro   0x0000000000000dca      0x2a5 ./Core/Src/main.o
 .debug_macro   0x000000000000106f       0x2e ./Core/Src/main.o
 .debug_macro   0x000000000000109d       0x3b ./Core/Src/main.o
 .debug_macro   0x00000000000010d8       0x22 ./Core/Src/main.o
 .debug_macro   0x00000000000010fa       0x8e ./Core/Src/main.o
 .debug_macro   0x0000000000001188       0x51 ./Core/Src/main.o
 .debug_macro   0x00000000000011d9      0x103 ./Core/Src/main.o
 .debug_macro   0x00000000000012dc       0x6a ./Core/Src/main.o
 .debug_macro   0x0000000000001346      0x1df ./Core/Src/main.o
 .debug_macro   0x0000000000001525       0x1c ./Core/Src/main.o
 .debug_macro   0x0000000000001541       0x22 ./Core/Src/main.o
 .debug_macro   0x0000000000001563       0xd9 ./Core/Src/main.o
 .debug_macro   0x000000000000163c     0x12cd ./Core/Src/main.o
 .debug_macro   0x0000000000002909      0x11f ./Core/Src/main.o
 .debug_macro   0x0000000000002a28       0x19 ./Core/Src/main.o
 .debug_macro   0x0000000000002a41    0x1aa0d ./Core/Src/main.o
 .debug_macro   0x000000000001d44e       0x6d ./Core/Src/main.o
 .debug_macro   0x000000000001d4bb     0x3749 ./Core/Src/main.o
 .debug_macro   0x0000000000020c04      0x174 ./Core/Src/main.o
 .debug_macro   0x0000000000020d78       0x63 ./Core/Src/main.o
 .debug_macro   0x0000000000020ddb     0x1add ./Core/Src/main.o
 .debug_macro   0x00000000000228b8      0x6c4 ./Core/Src/main.o
 .debug_macro   0x0000000000022f7c      0x18b ./Core/Src/main.o
 .debug_macro   0x0000000000023107      0x115 ./Core/Src/main.o
 .debug_macro   0x000000000002321c      0x26e ./Core/Src/main.o
 .debug_macro   0x000000000002348a       0xa5 ./Core/Src/main.o
 .debug_macro   0x000000000002352f      0x24f ./Core/Src/main.o
 .debug_macro   0x000000000002377e       0x71 ./Core/Src/main.o
 .debug_macro   0x00000000000237ef       0x58 ./Core/Src/main.o
 .debug_macro   0x0000000000023847      0x236 ./Core/Src/main.o
 .debug_macro   0x0000000000023a7d      0x416 ./Core/Src/main.o
 .debug_macro   0x0000000000023e93      0x153 ./Core/Src/main.o
 .debug_macro   0x0000000000023fe6      0x107 ./Core/Src/main.o
 .debug_macro   0x00000000000240ed      0x40f ./Core/Src/main.o
 .debug_macro   0x00000000000244fc      0xd44 ./Core/Src/main.o
 .debug_macro   0x0000000000025240      0x14e ./Core/Src/main.o
 .debug_macro   0x000000000002538e      0x3db ./Core/Src/main.o
 .debug_macro   0x0000000000025769       0x12 ./Core/Src/main.o
 .debug_macro   0x000000000002577b      0x22c ./Core/Src/main.o
 .debug_macro   0x00000000000259a7       0x61 ./Core/Src/main.o
 .debug_macro   0x0000000000025a08       0xa5 ./Core/Src/main.o
 .debug_macro   0x0000000000025aad      0x12e ./Core/Src/main.o
 .debug_macro   0x0000000000025bdb      0x108 ./Core/Src/main.o
 .debug_macro   0x0000000000025ce3       0x35 ./Core/Src/main.o
 .debug_macro   0x0000000000025d18      0x5ba ./Core/Src/main.o
 .debug_macro   0x00000000000262d2       0x44 ./Core/Src/main.o
 .debug_macro   0x0000000000026316      0x256 ./Core/Src/main.o
 .debug_macro   0x000000000002656c       0xba ./Core/Src/main.o
 .debug_macro   0x0000000000026626      0x15b ./Core/Src/main.o
 .debug_macro   0x0000000000026781      0x130 ./Core/Src/main.o
 .debug_macro   0x00000000000268b1       0x61 ./Core/Src/main.o
 .debug_macro   0x0000000000026912       0x29 ./Core/Src/main.o
 .debug_macro   0x000000000002693b       0x43 ./Core/Src/main.o
 .debug_macro   0x000000000002697e       0x34 ./Core/Src/main.o
 .debug_macro   0x00000000000269b2       0x16 ./Core/Src/main.o
 .debug_macro   0x00000000000269c8       0x43 ./Core/Src/main.o
 .debug_macro   0x0000000000026a0b       0x34 ./Core/Src/main.o
 .debug_macro   0x0000000000026a3f       0x10 ./Core/Src/main.o
 .debug_macro   0x0000000000026a4f       0x58 ./Core/Src/main.o
 .debug_macro   0x0000000000026aa7       0x8e ./Core/Src/main.o
 .debug_macro   0x0000000000026b35       0x1c ./Core/Src/main.o
 .debug_macro   0x0000000000026b51      0x177 ./Core/Src/main.o
 .debug_macro   0x0000000000026cc8      0x369 ./Core/Src/main.o
 .debug_macro   0x0000000000027031       0x10 ./Core/Src/main.o
 .debug_macro   0x0000000000027041       0x35 ./Core/Src/main.o
 .debug_macro   0x0000000000027076       0x20 ./Core/Src/main.o
 .debug_macro   0x0000000000027096       0x1c ./Core/Src/main.o
 .debug_macro   0x00000000000270b2      0x22f ./Core/Src/stm32f7xx_hal_msp.o
 .debug_macro   0x00000000000272e1      0x239 ./Core/Src/stm32f7xx_it.o
 .debug_macro   0x000000000002751a      0x220 ./Core/Src/system_stm32f7xx.o
 .debug_macro   0x000000000002773a      0x310 ./Core/Src/temp_sensing.o
 .debug_macro   0x0000000000027a4a       0x16 ./Core/Src/temp_sensing.o
 .debug_macro   0x0000000000027a60       0x16 ./Core/Src/temp_sensing.o
 .debug_macro   0x0000000000027a76      0x244 ./Drivers/STM32F7xx_HAL_Driver/Src/stm32f7xx_hal.o
 .debug_macro   0x0000000000027cba      0x221 ./Drivers/STM32F7xx_HAL_Driver/Src/stm32f7xx_hal_adc.o
 .debug_macro   0x0000000000027edb      0x228 ./Drivers/STM32F7xx_HAL_Driver/Src/stm32f7xx_hal_can.o
 .debug_macro   0x0000000000028103      0x220 ./Drivers/STM32F7xx_HAL_Driver/Src/stm32f7xx_hal_cortex.o
 .debug_macro   0x0000000000028323      0x226 ./Drivers/STM32F7xx_HAL_Driver/Src/stm32f7xx_hal_dma.o
 .debug_macro   0x0000000000028549      0x2fa ./Drivers/STM32F7xx_HAL_Driver/Src/stm32f7xx_hal_eth.o
 .debug_macro   0x0000000000028843      0x226 ./Drivers/STM32F7xx_HAL_Driver/Src/stm32f7xx_hal_gpio.o
 .debug_macro   0x0000000000028a69      0x22c ./Drivers/STM32F7xx_HAL_Driver/Src/stm32f7xx_hal_pcd.o
 .debug_macro   0x0000000000028c95      0x220 ./Drivers/STM32F7xx_HAL_Driver/Src/stm32f7xx_hal_pcd_ex.o
 .debug_macro   0x0000000000028eb5      0x23e ./Drivers/STM32F7xx_HAL_Driver/Src/stm32f7xx_hal_pwr.o
 .debug_macro   0x00000000000290f3      0x238 ./Drivers/STM32F7xx_HAL_Driver/Src/stm32f7xx_hal_pwr_ex.o
 .debug_macro   0x000000000002932b      0x244 ./Drivers/STM32F7xx_HAL_Driver/Src/stm32f7xx_hal_rcc.o
 .debug_macro   0x000000000002956f      0x220 ./Drivers/STM32F7xx_HAL_Driver/Src/stm32f7xx_hal_rcc_ex.o
 .debug_macro   0x000000000002978f      0x23d ./Drivers/STM32F7xx_HAL_Driver/Src/stm32f7xx_hal_uart.o
 .debug_macro   0x00000000000299cc      0x220 ./Drivers/STM32F7xx_HAL_Driver/Src/stm32f7xx_ll_usb.o

.debug_line     0x0000000000000000    0x13732
 .debug_line    0x0000000000000000      0xb8b ./Core/Src/main.o
 .debug_line    0x0000000000000b8b      0x978 ./Core/Src/stm32f7xx_hal_msp.o
 .debug_line    0x0000000000001503      0x806 ./Core/Src/stm32f7xx_it.o
 .debug_line    0x0000000000001d09      0x7ab ./Core/Src/system_stm32f7xx.o
 .debug_line    0x00000000000024b4      0x92d ./Core/Src/temp_sensing.o
 .debug_line    0x0000000000002de1       0x7a ./Core/Startup/startup_stm32f767zitx.o
 .debug_line    0x0000000000002e5b      0xa6c ./Drivers/STM32F7xx_HAL_Driver/Src/stm32f7xx_hal.o
 .debug_line    0x00000000000038c7     0x1268 ./Drivers/STM32F7xx_HAL_Driver/Src/stm32f7xx_hal_adc.o
 .debug_line    0x0000000000004b2f     0x1183 ./Drivers/STM32F7xx_HAL_Driver/Src/stm32f7xx_hal_can.o
 .debug_line    0x0000000000005cb2      0xcc2 ./Drivers/STM32F7xx_HAL_Driver/Src/stm32f7xx_hal_cortex.o
 .debug_line    0x0000000000006974      0xf8b ./Drivers/STM32F7xx_HAL_Driver/Src/stm32f7xx_hal_dma.o
 .debug_line    0x00000000000078ff     0x1982 ./Drivers/STM32F7xx_HAL_Driver/Src/stm32f7xx_hal_eth.o
 .debug_line    0x0000000000009281      0xbb0 ./Drivers/STM32F7xx_HAL_Driver/Src/stm32f7xx_hal_gpio.o
 .debug_line    0x0000000000009e31     0x148b ./Drivers/STM32F7xx_HAL_Driver/Src/stm32f7xx_hal_pcd.o
 .debug_line    0x000000000000b2bc      0x83d ./Drivers/STM32F7xx_HAL_Driver/Src/stm32f7xx_hal_pcd_ex.o
 .debug_line    0x000000000000baf9      0x940 ./Drivers/STM32F7xx_HAL_Driver/Src/stm32f7xx_hal_pwr.o
 .debug_line    0x000000000000c439      0x9a8 ./Drivers/STM32F7xx_HAL_Driver/Src/stm32f7xx_hal_pwr_ex.o
 .debug_line    0x000000000000cde1      0xeab ./Drivers/STM32F7xx_HAL_Driver/Src/stm32f7xx_hal_rcc.o
 .debug_line    0x000000000000dc8c      0xe82 ./Drivers/STM32F7xx_HAL_Driver/Src/stm32f7xx_hal_rcc_ex.o
 .debug_line    0x000000000000eb0e     0x312c ./Drivers/STM32F7xx_HAL_Driver/Src/stm32f7xx_hal_uart.o
 .debug_line    0x0000000000011c3a     0x1af8 ./Drivers/STM32F7xx_HAL_Driver/Src/stm32f7xx_ll_usb.o

.debug_str      0x0000000000000000   0x101e45
 .debug_str     0x0000000000000000    0xfceac ./Core/Src/main.o
                                      0xfd6f6 (size before relaxing)
 .debug_str     0x00000000000fceac      0x3a7 ./Core/Src/stm32f7xx_hal_msp.o
                                      0xf9e64 (size before relaxing)
 .debug_str     0x00000000000fd253       0xf4 ./Core/Src/stm32f7xx_it.o
                                      0xf8af2 (size before relaxing)
 .debug_str     0x00000000000fd347      0x190 ./Core/Src/system_stm32f7xx.o
                                      0xf85ac (size before relaxing)
 .debug_str     0x00000000000fd4d7      0x681 ./Core/Src/temp_sensing.o
                                      0xfc000 (size before relaxing)
 .debug_str     0x00000000000fdb58       0x34 ./Core/Startup/startup_stm32f767zitx.o
                                         0x69 (size before relaxing)
 .debug_str     0x00000000000fdb8c      0x447 ./Drivers/STM32F7xx_HAL_Driver/Src/stm32f7xx_hal.o
                                      0xf8fec (size before relaxing)
 .debug_str     0x00000000000fdfd3      0x293 ./Drivers/STM32F7xx_HAL_Driver/Src/stm32f7xx_hal_adc.o
                                      0xf8aa5 (size before relaxing)
 .debug_str     0x00000000000fe266      0x568 ./Drivers/STM32F7xx_HAL_Driver/Src/stm32f7xx_hal_can.o
                                      0xf8bb2 (size before relaxing)
 .debug_str     0x00000000000fe7ce      0x32b ./Drivers/STM32F7xx_HAL_Driver/Src/stm32f7xx_hal_cortex.o
                                      0xf8f9c (size before relaxing)
 .debug_str     0x00000000000feaf9      0x2c7 ./Drivers/STM32F7xx_HAL_Driver/Src/stm32f7xx_hal_dma.o
                                      0xf88eb (size before relaxing)
 .debug_str     0x00000000000fedc0     0x11b7 ./Drivers/STM32F7xx_HAL_Driver/Src/stm32f7xx_hal_eth.o
                                      0xf9d79 (size before relaxing)
 .debug_str     0x00000000000fff77       0xe8 ./Drivers/STM32F7xx_HAL_Driver/Src/stm32f7xx_hal_gpio.o
                                      0xf866a (size before relaxing)
 .debug_str     0x000000000010005f      0x81e ./Drivers/STM32F7xx_HAL_Driver/Src/stm32f7xx_hal_pcd.o
                                      0xf8fc9 (size before relaxing)
 .debug_str     0x000000000010087d      0x12d ./Drivers/STM32F7xx_HAL_Driver/Src/stm32f7xx_hal_pcd_ex.o
                                      0xf88ca (size before relaxing)
 .debug_str     0x00000000001009aa      0x2ac ./Drivers/STM32F7xx_HAL_Driver/Src/stm32f7xx_hal_pwr.o
                                      0xf884d (size before relaxing)
 .debug_str     0x0000000000100c56      0x1bd ./Drivers/STM32F7xx_HAL_Driver/Src/stm32f7xx_hal_pwr_ex.o
                                      0xf881b (size before relaxing)
 .debug_str     0x0000000000100e13      0x23e ./Drivers/STM32F7xx_HAL_Driver/Src/stm32f7xx_hal_rcc.o
                                      0xf8927 (size before relaxing)
 .debug_str     0x0000000000101051      0x13f ./Drivers/STM32F7xx_HAL_Driver/Src/stm32f7xx_hal_rcc_ex.o
                                      0xf888a (size before relaxing)
 .debug_str     0x0000000000101190      0x85a ./Drivers/STM32F7xx_HAL_Driver/Src/stm32f7xx_hal_uart.o
                                      0xf9275 (size before relaxing)
 .debug_str     0x00000000001019ea      0x45b ./Drivers/STM32F7xx_HAL_Driver/Src/stm32f7xx_ll_usb.o
                                      0xf8e4f (size before relaxing)

.debug_frame    0x0000000000000000     0x43cc
 .debug_frame   0x0000000000000000      0x168 ./Core/Src/main.o
 .debug_frame   0x0000000000000168      0x1a8 ./Core/Src/stm32f7xx_hal_msp.o
 .debug_frame   0x0000000000000310      0x120 ./Core/Src/stm32f7xx_it.o
 .debug_frame   0x0000000000000430       0x58 ./Core/Src/system_stm32f7xx.o
 .debug_frame   0x0000000000000488       0x5c ./Core/Src/temp_sensing.o
 .debug_frame   0x00000000000004e4      0x3f4 ./Drivers/STM32F7xx_HAL_Driver/Src/stm32f7xx_hal.o
 .debug_frame   0x00000000000008d8      0x3fc ./Drivers/STM32F7xx_HAL_Driver/Src/stm32f7xx_hal_adc.o
 .debug_frame   0x0000000000000cd4      0x5a0 ./Drivers/STM32F7xx_HAL_Driver/Src/stm32f7xx_hal_can.o
 .debug_frame   0x0000000000001274      0x498 ./Drivers/STM32F7xx_HAL_Driver/Src/stm32f7xx_hal_cortex.o
 .debug_frame   0x000000000000170c      0x250 ./Drivers/STM32F7xx_HAL_Driver/Src/stm32f7xx_hal_dma.o
 .debug_frame   0x000000000000195c      0x898 ./Drivers/STM32F7xx_HAL_Driver/Src/stm32f7xx_hal_eth.o
 .debug_frame   0x00000000000021f4      0x14c ./Drivers/STM32F7xx_HAL_Driver/Src/stm32f7xx_hal_gpio.o
 .debug_frame   0x0000000000002340      0x5bc ./Drivers/STM32F7xx_HAL_Driver/Src/stm32f7xx_hal_pcd.o
 .debug_frame   0x00000000000028fc      0x100 ./Drivers/STM32F7xx_HAL_Driver/Src/stm32f7xx_hal_pcd_ex.o
 .debug_frame   0x00000000000029fc      0x254 ./Drivers/STM32F7xx_HAL_Driver/Src/stm32f7xx_hal_pwr.o
 .debug_frame   0x0000000000002c50      0x1c8 ./Drivers/STM32F7xx_HAL_Driver/Src/stm32f7xx_hal_pwr_ex.o
 .debug_frame   0x0000000000002e18      0x1f8 ./Drivers/STM32F7xx_HAL_Driver/Src/stm32f7xx_hal_rcc.o
 .debug_frame   0x0000000000003010      0x118 ./Drivers/STM32F7xx_HAL_Driver/Src/stm32f7xx_hal_rcc_ex.o
 .debug_frame   0x0000000000003128      0xa10 ./Drivers/STM32F7xx_HAL_Driver/Src/stm32f7xx_hal_uart.o
 .debug_frame   0x0000000000003b38      0x7e8 ./Drivers/STM32F7xx_HAL_Driver/Src/stm32f7xx_ll_usb.o
 .debug_frame   0x0000000000004320       0x20 /opt/st/stm32cubeide_1.13.2/plugins/com.st.stm32cube.ide.mcu.externaltools.gnu-tools-for-stm32.11.3.rel1.linux64_1.1.1.202309131626/tools/bin/../lib/gcc/arm-none-eabi/11.3.1/../../../../arm-none-eabi/lib/thumb/v7e-m+dp/hard/libc_nano.a(libc_a-memset.o)
 .debug_frame   0x0000000000004340       0x2c /opt/st/stm32cubeide_1.13.2/plugins/com.st.stm32cube.ide.mcu.externaltools.gnu-tools-for-stm32.11.3.rel1.linux64_1.1.1.202309131626/tools/bin/../lib/gcc/arm-none-eabi/11.3.1/../../../../arm-none-eabi/lib/thumb/v7e-m+dp/hard/libc_nano.a(libc_a-init.o)
 .debug_frame   0x000000000000436c       0x2c /opt/st/stm32cubeide_1.13.2/plugins/com.st.stm32cube.ide.mcu.externaltools.gnu-tools-for-stm32.11.3.rel1.linux64_1.1.1.202309131626/tools/bin/../lib/gcc/arm-none-eabi/11.3.1/thumb/v7e-m+dp/hard/libgcc.a(_aeabi_uldivmod.o)
 .debug_frame   0x0000000000004398       0x34 /opt/st/stm32cubeide_1.13.2/plugins/com.st.stm32cube.ide.mcu.externaltools.gnu-tools-for-stm32.11.3.rel1.linux64_1.1.1.202309131626/tools/bin/../lib/gcc/arm-none-eabi/11.3.1/thumb/v7e-m+dp/hard/libgcc.a(_udivmoddi4.o)

.debug_line_str
                0x0000000000000000       0x5d
 .debug_line_str
                0x0000000000000000       0x5d ./Core/Startup/startup_stm32f767zitx.o
                                         0x75 (size before relaxing)
